total ids 501, this shard 83
{"id": "GS-bloom", "peakDb": -11.8, "rmsDb": -24.9, "momentaryDb": -20.9, "activeBlocks": 116, "ctxs": 1, "states": ["running"]}
{"id": "C:EXT_STRUCT:graphene", "peakDb": -12.0, "rmsDb": -32.9, "momentaryDb": -22.7, "activeBlocks": 205, "ctxs": 2, "states": ["running", "running"]}
{"id": "VA:violet_fault", "peakDb": -11.3, "rmsDb": -28.6, "momentaryDb": -22.6, "activeBlocks": 152, "ctxs": 3, "states": ["running", "running", "running"]}
{"id": "FX-13", "peakDb": -8.8, "rmsDb": -27.3, "momentaryDb": -22.8, "activeBlocks": 158, "ctxs": 4, "states": ["running", "running", "running", "running"]}
{"id": "MC-01", "peakDb": -7.5, "rmsDb": -25.2, "momentaryDb": -22.7, "activeBlocks": 106, "ctxs": 4, "states": ["running", "running", "running", "running"]}
{"id": "NV-06", "peakDb": -5.7, "rmsDb": -24.5, "momentaryDb": -22.8, "activeBlocks": 118, "ctxs": 4, "states": ["running", "running", "running", "running"]}
{"id": "FX-125", "peakDb": -11.7, "rmsDb": -28.4, "momentaryDb": -22.5, "activeBlocks": 123, "ctxs": 5, "states": ["running", "running", "running", "running", "running"]}
{"id": "FX-121", "peakDb": -10.0, "rmsDb": -23.2, "momentaryDb": -25.2, "activeBlocks": 117, "ctxs": 5, "states": ["running", "running", "running", "running", "running"]}
{"id": "GS-helix", "peakDb": -5.7, "rmsDb": -18.0, "momentaryDb": -22.0, "activeBlocks": 118, "ctxs": 5, "states": ["running", "running", "running", "running", "running"]}
{"id": "GS-bell", "peakDb": -8.9, "rmsDb": -24.7, "momentaryDb": -24.0, "activeBlocks": 123, "ctxs": 5, "states": ["running", "running", "running", "running", "running"]}
{"id": "GS-meteor", "peakDb": -8.8, "rmsDb": -29.9, "momentaryDb": -24.6, "activeBlocks": 124, "ctxs": 5, "states": ["running", "running", "running", "running", "running"]}
{"id": "GS-dune", "peakDb": -9.1, "rmsDb": -21.2, "momentaryDb": -24.6, "activeBlocks": 123, "ctxs": 5, "states": ["running", "running", "running", "running", "running"]}
{"id": "D:ULT:rift", "peakDb": -5.9, "rmsDb": -28.2, "momentaryDb": -21.3, "activeBlocks": 192, "ctxs": 6, "states": ["running", "running", "running", "running", "running", "closed"]}
{"id": "D:ULT:agwisasal", "peakDb": -10.6, "rmsDb": -27.2, "momentaryDb": -22.0, "activeBlocks": 111, "ctxs": 7, "states": ["running", "running", "running", "running", "running", "closed", "closed"]}
{"id": "C:F_STRUCT:tectonic", "peakDb": -11.2, "rmsDb": -24.0, "momentaryDb": -22.8, "activeBlocks": 118, "ctxs": 7, "states": ["running", "running", "running", "running", "running", "closed", "closed"]}
{"id": "C:SF_STRUCT:shd", "peakDb": -8.1, "rmsDb": -23.6, "momentaryDb": -22.7, "activeBlocks": 123, "ctxs": 7, "states": ["running", "running", "running", "running", "running", "closed", "closed"]}
{"id": "C:EXT_STRUCT:hologram", "peakDb": -15.8, "rmsDb": -32.2, "momentaryDb": -27.7, "activeBlocks": 123, "ctxs": 7, "states": ["running", "running", "running", "running", "running", "closed", "closed"]}
{"id": "CH:aurora", "peakDb": -7.1, "rmsDb": -23.1, "momentaryDb": -22.7, "activeBlocks": 151, "ctxs": 8, "states": ["running", "running", "running", "running", "running", "closed", "closed", "running"]}
{"id": "CH:comic", "peakDb": -9.6, "rmsDb": -28.8, "momentaryDb": -22.2, "activeBlocks": 93, "ctxs": 8, "states": ["running", "running", "running", "running", "running", "closed", "closed", "running"]}
{"id": "CH:manta", "peakDb": -11.4, "rmsDb": -26.5, "momentaryDb": -22.7, "activeBlocks": 118, "ctxs": 8, "states": ["running", "running", "running", "running", "running", "closed", "closed", "running"]}
{"id": "CH:crane", "peakDb": -7.7, "rmsDb": -24.0, "momentaryDb": -22.4, "activeBlocks": 122, "ctxs": 8, "states": ["running", "running", "running", "running", "running", "closed", "closed", "running"]}
{"id": "VA:shatter_nova", "peakDb": -8.3, "rmsDb": -28.0, "momentaryDb": -23.3, "activeBlocks": 162, "ctxs": 8, "states": ["running", "running", "running", "running", "running", "closed", "closed", "running"]}
{"id": "VA:soul_lantern", "peakDb": -9.6, "rmsDb": -27.2, "momentaryDb": -22.1, "activeBlocks": 124, "ctxs": 8, "states": ["running", "running", "running", "running", "running", "closed", "closed", "running"]}
{"id": "RJ:void_singularity", "peakDb": -10.4, "rmsDb": -30.3, "momentaryDb": -22.9, "activeBlocks": 124, "ctxs": 8, "states": ["running", "running", "running", "running", "running", "closed", "closed", "running"]}
{"id": "FX-18", "peakDb": -6.8, "rmsDb": -28.4, "momentaryDb": -22.7, "activeBlocks": 112, "ctxs": 8, "states": ["running", "running", "running", "running", "running", "closed", "closed", "running"]}
{"id": "FX-09", "peakDb": -8.8, "rmsDb": -23.3, "momentaryDb": -23.2, "activeBlocks": 35, "ctxs": 8, "states": ["running", "running", "running", "running", "running", "closed", "closed", "running"]}
{"id": "ARC-09", "peakDb": -7.6, "rmsDb": -23.4, "momentaryDb": -22.8, "activeBlocks": 117, "ctxs": 8, "states": ["running", "running", "running", "running", "running", "closed", "closed", "running"]}
{"id": "MC-02", "peakDb": -5.8, "rmsDb": -22.3, "momentaryDb": -22.6, "activeBlocks": 41, "ctxs": 8, "states": ["running", "running", "running", "running", "running", "closed", "closed", "running"]}
{"id": "INT-04", "peakDb": -5.3, "rmsDb": -22.8, "momentaryDb": -22.2, "activeBlocks": 118, "ctxs": 8, "states": ["running", "running", "running", "running", "running", "closed", "closed", "running"]}
{"id": "V5-03", "peakDb": -10.0, "rmsDb": -26.3, "momentaryDb": -22.4, "activeBlocks": 77, "ctxs": 8, "states": ["running", "running", "running", "running", "running", "closed", "closed", "running"]}
{"id": "FX-11-L", "peakDb": -4.3, "rmsDb": -22.7, "momentaryDb": -21.9, "activeBlocks": 50, "ctxs": 8, "states": ["running", "running", "running", "running", "running", "closed", "closed", "running"]}
{"id": "FX-155", "peakDb": -5.5, "rmsDb": -21.5, "momentaryDb": -22.1, "activeBlocks": 59, "ctxs": 8, "states": ["running", "running", "running", "running", "running", "closed", "closed", "running"]}
{"id": "ARC-27", "peakDb": -7.9, "rmsDb": -19.7, "momentaryDb": -22.6, "activeBlocks": 118, "ctxs": 8, "states": ["running", "running", "running", "running", "running", "closed", "closed", "running"]}
{"id": "GS-aurora9", "peakDb": -8.4, "rmsDb": -26.0, "momentaryDb": -23.2, "activeBlocks": 240, "ctxs": 8, "states": ["running", "running", "running", "running", "running", "closed", "closed", "running"]}
{"id": "GS-shuriken", "peakDb": -3.6, "rmsDb": -24.4, "momentaryDb": -23.1, "activeBlocks": 225, "ctxs": 8, "states": ["running", "running", "running", "running", "running", "closed", "closed", "running"]}
{"id": "GS-murmur", "peakDb": -2.6, "rmsDb": -20.6, "momentaryDb": -22.1, "activeBlocks": 142, "ctxs": 8, "states": ["running", "running", "running", "running", "running", "closed", "closed", "running"]}
{"id": "D:STRUCT:obelisk", "peakDb": -4.5, "rmsDb": -30.0, "momentaryDb": -26.3, "activeBlocks": 105, "ctxs": 9, "states": ["running", "running", "running", "running", "running", "closed", "closed", "running", "running"]}
{"id": "D:STRUCT:altar", "peakDb": -9.3, "rmsDb": -23.8, "momentaryDb": -23.9, "activeBlocks": 24, "ctxs": 10, "states": ["running", "running", "running", "running", "running", "closed", "closed", "running", "closed", "running"]}
{"id": "D:PROJ:starrain", "peakDb": -8.5, "rmsDb": -29.7, "momentaryDb": -28.0, "activeBlocks": 39, "ctxs": 11, "states": ["running", "running", "running", "running", "running", "closed", "closed", "running", "closed", "closed", "running"]}
{"id": "D:PROJ:diamondhail", "peakDb": -4.1, "rmsDb": -27.3, "momentaryDb": -28.0, "activeBlocks": 35, "ctxs": 12, "states": ["running", "running", "running", "running", "running", "closed", "closed", "running", "closed", "closed", "suspended", "running"]}
{"id": "D:PROJ:talisbarrage", "peakDb": -4.5, "rmsDb": -27.8, "momentaryDb": -22.6, "activeBlocks": 38, "ctxs": 13, "states": ["running", "running", "running", "running", "running", "closed", "closed", "running", "closed", "closed", "closed", "suspended", "running"]}
{"id": "D:ULT:bloom", "peakDb": -10.9, "rmsDb": -25.7, "momentaryDb": -26.7, "activeBlocks": 43, "ctxs": 14, "states": ["running", "running", "running", "running", "running", "closed", "closed", "running", "closed", "closed", "closed", "closed", "suspended", "running"]}
{"id": "D:ULT:zerodomain", "peakDb": -24.4, "rmsDb": -39.5, "momentaryDb": -36.8, "activeBlocks": 106, "ctxs": 15, "states": ["running", "running", "running", "running", "running", "closed", "closed", "running", "closed", "closed", "closed", "closed", "closed", "suspended", "running"]}
{"id": "D:ULT:lotus", "peakDb": -20.6, "rmsDb": -38.3, "momentaryDb": -38.8, "activeBlocks": 29, "ctxs": 16, "states": ["running", "running", "running", "running", "running", "closed", "closed", "running", "closed", "closed", "closed", "closed", "closed", "closed", "suspended", "running"]}
{"id": "D:ULT:galaxykoi", "peakDb": -6.3, "rmsDb": -28.4, "momentaryDb": -22.0, "activeBlocks": 57, "ctxs": 17, "states": ["running", "running", "running", "running", "running", "closed", "closed", "running", "closed", "closed", "closed", "closed", "closed", "closed", "closed", "suspended", "closed"]}
{"id": "D:ULT:mugeonbu", "peakDb": -7.3, "rmsDb": -32.1, "momentaryDb": -23.1, "activeBlocks": 118, "ctxs": 18, "states": ["running", "running", "running", "running", "running", "closed", "closed", "running", "closed", "closed", "closed", "closed", "closed", "closed", "closed", "closed", "closed", "running"]}
{"id": "C:F_PROJ:lqm", "peakDb": -6.0, "rmsDb": -25.0, "momentaryDb": -22.3, "activeBlocks": 50, "ctxs": 18, "states": ["running", "running", "running", "running", "running", "closed", "closed", "running", "closed", "closed", "closed", "closed", "closed", "closed", "closed", "closed", "closed", "closed"]}
{"id": "C:SF_PROJ:eco", "peakDb": -4.5, "rmsDb": -23.4, "momentaryDb": -22.7, "activeBlocks": 66, "ctxs": 18, "states": ["running", "running", "running", "running", "running", "closed", "closed", "running", "closed", "closed", "closed", "closed", "closed", "closed", "closed", "closed", "closed", "closed"]}
{"id": "C:SF_STRUCT:chr", "peakDb": -5.4, "rmsDb": -29.0, "momentaryDb": -22.2, "activeBlocks": 119, "ctxs": 18, "states": ["running", "running", "running", "running", "running", "closed", "closed", "running", "closed", "closed", "closed", "closed", "closed", "closed", "closed", "closed", "closed", "closed"]}
{"id": "C:FB_STRUCT:astro", "peakDb": -9.9, "rmsDb": -28.7, "momentaryDb": -26.1, "activeBlocks": 123, "ctxs": 18, "states": ["running", "running", "running", "running", "running", "closed", "closed", "running", "closed", "closed", "closed", "closed", "closed", "closed", "closed", "closed", "closed", "closed"]}
{"id": "C:EXT_STRUCT:organ", "peakDb": -9.0, "rmsDb": -28.9, "momentaryDb": -28.8, "activeBlocks": 122, "ctxs": 18, "states": ["running", "running", "running", "running", "running", "closed", "closed", "running", "closed", "closed", "closed", "closed", "closed", "closed", "closed", "closed", "closed", "closed"]}
{"id": "CH:mycelium", "peakDb": -10.5, "rmsDb": -28.2, "momentaryDb": -22.9, "activeBlocks": 158, "ctxs": 18, "states": ["running", "running", "running", "running", "running", "closed", "closed", "running", "closed", "closed", "closed", "closed", "closed", "closed", "closed", "closed", "closed", "closed"]}
{"id": "CH:voltspear", "peakDb": -10.1, "rmsDb": -28.5, "momentaryDb": -22.5, "activeBlocks": 108, "ctxs": 18, "states": ["running", "running", "running", "running", "running", "closed", "closed", "running", "closed", "closed", "closed", "closed", "closed", "closed", "closed", "closed", "closed", "closed"]}
{"id": "VA:marimba_steps", "peakDb": -6.8, "rmsDb": -22.4, "momentaryDb": -22.8, "activeBlocks": 118, "ctxs": 18, "states": ["running", "running", "running", "running", "running", "closed", "closed", "running", "closed", "closed", "closed", "closed", "closed", "closed", "closed", "closed", "closed", "closed"]}
{"id": "RJ:sand_colossus", "peakDb": -7.4, "rmsDb": -30.3, "momentaryDb": -22.5, "activeBlocks": 122, "ctxs": 18, "states": ["running", "running", "running", "running", "running", "closed", "closed", "running", "closed", "closed", "closed", "closed", "closed", "closed", "closed", "closed", "closed", "closed"]}
{"id": "FX-05", "peakDb": -13.0, "rmsDb": -23.8, "momentaryDb": -22.7, "activeBlocks": 80, "ctxs": 18, "states": ["running", "running", "running", "running", "running", "closed", "closed", "running", "closed", "closed", "closed", "closed", "closed", "closed", "closed", "closed", "closed", "closed"]}
{"id": "FX-26", "peakDb": -6.3, "rmsDb": -23.4, "momentaryDb": -22.7, "activeBlocks": 68, "ctxs": 18, "states": ["running", "running", "running", "running", "running", "closed", "closed", "running", "closed", "closed", "closed", "closed", "closed", "closed", "closed", "closed", "closed", "closed"]}
{"id": "ARC-05", "peakDb": -7.8, "rmsDb": -23.5, "momentaryDb": -23.6, "activeBlocks": 15, "ctxs": 18, "states": ["running", "running", "running", "running", "running", "closed", "closed", "running", "closed", "closed", "closed", "closed", "closed", "closed", "closed", "closed", "closed", "closed"]}
{"id": "MC-06", "peakDb": -3.6, "rmsDb": -20.8, "momentaryDb": -23.9, "activeBlocks": 28, "ctxs": 18, "states": ["running", "running", "running", "running", "running", "closed", "closed", "running", "closed", "closed", "closed", "closed", "closed", "closed", "closed", "closed", "closed", "closed"]}
{"id": "NV-09", "peakDb": -5.8, "rmsDb": -21.1, "momentaryDb": -20.0, "activeBlocks": 14, "ctxs": 18, "states": ["running", "running", "running", "running", "running", "closed", "closed", "running", "closed", "closed", "closed", "closed", "closed", "closed", "closed", "closed", "closed", "closed"]}
{"id": "FX-92", "peakDb": -6.3, "rmsDb": -29.4, "momentaryDb": -22.0, "activeBlocks": 73, "ctxs": 18, "states": ["running", "running", "running", "running", "running", "closed", "closed", "running", "closed", "closed", "closed", "closed", "closed", "closed", "closed", "closed", "closed", "closed"]}
{"id": "FX-153", "peakDb": -9.4, "rmsDb": -26.7, "momentaryDb": -22.8, "activeBlocks": 94, "ctxs": 18, "states": ["running", "running", "running", "running", "running", "closed", "closed", "running", "closed", "closed", "closed", "closed", "closed", "closed", "closed", "closed", "closed", "closed"]}
{"id": "FX-99", "peakDb": -5.8, "rmsDb": -20.5, "momentaryDb": -23.1, "activeBlocks": 106, "ctxs": 18, "states": ["running", "running", "running", "running", "running", "closed", "closed", "running", "closed", "closed", "closed", "closed", "closed", "closed", "closed", "closed", "closed", "closed"]}
{"id": "D:PROJ:butterfly", "peakDb": -12.9, "rmsDb": -33.4, "momentaryDb": -32.7, "activeBlocks": 19, "ctxs": 19, "states": ["running", "running", "running", "running", "running", "closed", "closed", "running", "closed", "closed", "closed", "closed", "closed", "closed", "closed", "closed", "closed", "closed", "running"]}
{"id": "D:PROJ:glacier", "peakDb": -0.8, "rmsDb": -24.0, "momentaryDb": -21.1, "activeBlocks": 21, "ctxs": 20, "states": ["running", "running", "running", "running", "running", "closed", "closed", "running", "closed", "closed", "closed", "closed", "closed", "closed", "closed", "closed", "closed", "closed", "suspended", "running"]}
{"id": "D:PROJ:gearchain", "peakDb": -7.0, "rmsDb": -25.8, "momentaryDb": -23.4, "activeBlocks": 31, "ctxs": 21, "states": ["running", "running", "running", "running", "running", "closed", "closed", "running", "closed", "closed", "closed", "closed", "closed", "closed", "closed", "closed", "closed", "closed", "closed", "suspended", "running"]}
{"id": "D:PROJ:lavabolt", "peakDb": -5.2, "rmsDb": -22.1, "momentaryDb": -21.5, "activeBlocks": 19, "ctxs": 22, "states": ["running", "running", "running", "running", "running", "closed", "closed", "running", "closed", "closed", "closed", "closed", "closed", "closed", "closed", "closed", "closed", "closed", "closed", "closed", "suspended", "running"]}
{"id": "D:PROJ:dragongate", "peakDb": -6.5, "rmsDb": -28.4, "momentaryDb": -25.0, "activeBlocks": 50, "ctxs": 23, "states": ["running", "running", "running", "running", "running", "closed", "closed", "running", "closed", "closed", "closed", "closed", "closed", "closed", "closed", "closed", "closed", "closed", "closed", "closed", "closed", "suspended", "running"]}
{"id": "D:PROJ:jeonghwa", "peakDb": -8.5, "rmsDb": -25.2, "momentaryDb": -22.5, "activeBlocks": 38, "ctxs": 24, "states": ["running", "running", "running", "running", "running", "closed", "closed", "running", "closed", "closed", "closed", "closed", "closed", "closed", "closed", "closed", "closed", "closed", "closed", "closed", "closed", "closed", "suspended", "suspended"]}
{"id": "D:ULT:blight", "peakDb": -18.6, "rmsDb": -34.3, "momentaryDb": -29.5, "activeBlocks": 68, "ctxs": 25, "states": ["running", "running", "running", "running", "running", "closed", "closed", "running", "closed", "closed", "closed", "closed", "closed", "closed", "closed", "closed", "closed", "closed", "closed", "closed", "closed", "closed", "closed", "closed", "running"]}
{"id": "D:ULT:gwigokseong", "peakDb": -7.6, "rmsDb": -20.5, "momentaryDb": -19.8, "activeBlocks": 34, "ctxs": 26, "states": ["running", "running", "running", "running", "running", "closed", "closed", "running", "closed", "closed", "closed", "closed", "closed", "closed", "closed", "closed", "closed", "closed", "closed", "closed", "closed", "closed", "closed", "closed", "suspended", "suspended"]}
{"id": "C:F_PROJ:eth", "peakDb": -9.2, "rmsDb": -24.7, "momentaryDb": -22.6, "activeBlocks": 67, "ctxs": 26, "states": ["running", "running", "running", "running", "running", "closed", "closed", "running", "closed", "closed", "closed", "closed", "closed", "closed", "closed", "closed", "closed", "closed", "closed", "closed", "closed", "closed", "closed", "closed", "closed", "closed"]}
{"id": "C:F_PROJ:hol", "peakDb": -8.3, "rmsDb": -23.8, "momentaryDb": -22.5, "activeBlocks": 79, "ctxs": 26, "states": ["running", "running", "running", "running", "running", "closed", "closed", "running", "closed", "closed", "closed", "closed", "closed", "closed", "closed", "closed", "closed", "closed", "closed", "closed", "closed", "closed", "closed", "closed", "closed", "closed"]}
{"id": "C:F_PROJ:res", "peakDb": -5.9, "rmsDb": -22.8, "momentaryDb": -22.2, "activeBlocks": 53, "ctxs": 26, "states": ["running", "running", "running", "running", "running", "closed", "closed", "running", "closed", "closed", "closed", "closed", "closed", "closed", "closed", "closed", "closed", "closed", "closed", "closed", "closed", "closed", "closed", "closed", "closed", "closed"]}
{"id": "C:F_PROJ:nbl", "peakDb": -120.0, "rmsDb": -120.0, "momentaryDb": -120.0, "activeBlocks": 0, "ctxs": 26, "states": ["running", "running", "running", "running", "running", "closed", "closed", "running", "closed", "closed", "closed", "closed", "closed", "closed", "closed", "closed", "closed", "closed", "closed", "closed", "closed", "closed", "closed", "closed", "closed", "closed"]}
{"id": "C:F_PROJ:prism", "peakDb": -4.6, "rmsDb": -26.0, "momentaryDb": -22.4, "activeBlocks": 38, "ctxs": 26, "states": ["running", "running", "running", "running", "running", "closed", "closed", "running", "closed", "closed", "closed", "closed", "closed", "closed", "closed", "closed", "closed", "closed", "closed", "closed", "closed", "closed", "closed", "closed", "closed", "closed"]}
{"id": "C:SF_PROJ:mgt", "peakDb": -7.9, "rmsDb": -25.7, "momentaryDb": -22.4, "activeBlocks": 71, "ctxs": 26, "states": ["running", "running", "running", "running", "running", "closed", "closed", "running", "closed", "closed", "closed", "closed", "closed", "closed", "closed", "closed", "closed", "closed", "closed", "closed", "closed", "closed", "closed", "closed", "closed", "closed"]}
{"id": "C:EXT_PROJ:singularity", "peakDb": -8.6, "rmsDb": -28.3, "momentaryDb": -21.7, "activeBlocks": 115, "ctxs": 26, "states": ["running", "running", "running", "running", "running", "closed", "closed", "running", "closed", "closed", "closed", "closed", "closed", "closed", "closed", "closed", "closed", "closed", "closed", "closed", "closed", "closed", "closed", "closed", "closed", "closed"]}
{"id": "D:ULT:firefly", "peakDb": -14.8, "rmsDb": -34.0, "momentaryDb": -31.1, "activeBlocks": 55, "ctxs": 27, "states": ["running", "running", "running", "running", "running", "closed", "closed", "running", "closed", "closed", "closed", "closed", "closed", "closed", "closed", "closed", "closed", "closed", "closed", "closed", "closed", "closed", "closed", "closed", "closed", "closed", "running"]}
{"id": "FX-15", "peakDb": -1.2, "rmsDb": -21.6, "momentaryDb": -19.6, "activeBlocks": 30, "ctxs": 27, "states": ["running", "running", "running", "running", "running", "closed", "closed", "running", "closed", "closed", "closed", "closed", "closed", "closed", "closed", "closed", "closed", "closed", "closed", "closed", "closed", "closed", "closed", "closed", "closed", "closed", "suspended"]}
{"id": "AS-11", "peakDb": -7.0, "rmsDb": -22.5, "momentaryDb": -22.2, "activeBlocks": 36, "ctxs": 27, "states": ["running", "running", "running", "running", "running", "closed", "closed", "running", "closed", "closed", "closed", "closed", "closed", "closed", "closed", "closed", "closed", "closed", "closed", "closed", "closed", "closed", "closed", "closed", "closed", "closed", "closed"]}
{"id": "FX-104", "peakDb": -6.5, "rmsDb": -28.6, "momentaryDb": -22.7, "activeBlocks": 113, "ctxs": 27, "states": ["running", "running", "running", "running", "running", "closed", "closed", "running", "closed", "closed", "closed", "closed", "closed", "closed", "closed", "closed", "closed", "closed", "closed", "closed", "closed", "closed", "closed", "closed", "closed", "closed", "closed"]}
{"id": "D:ULT:gyeonu", "peakDb": -10.0, "rmsDb": -28.0, "momentaryDb": -26.7, "activeBlocks": 40, "ctxs": 28, "states": ["running", "running", "running", "running", "running", "closed", "closed", "running", "closed", "closed", "closed", "closed", "closed", "closed", "closed", "closed", "closed", "closed", "closed", "closed", "closed", "closed", "closed", "closed", "closed", "closed", "closed", "suspended"]}
