total ids 501, this shard 83
{"id": "MYTH-01", "peakDb": -8.2, "rmsDb": -31.8, "momentaryDb": -21.7, "activeBlocks": 117, "ctxs": 1, "states": ["running"]}
{"id": "D:ULT:upheaval", "peakDb": -5.2, "rmsDb": -27.1, "momentaryDb": -16.1, "activeBlocks": 183, "ctxs": 2, "states": ["running", "running"]}
{"id": "CH:tidal", "peakDb": -5.8, "rmsDb": -25.2, "momentaryDb": -15.6, "activeBlocks": 122, "ctxs": 3, "states": ["running", "closed", "running"]}
{"id": "RJ:tesseract", "peakDb": -6.3, "rmsDb": -28.1, "momentaryDb": -19.0, "activeBlocks": 111, "ctxs": 4, "states": ["running", "closed", "running", "running"]}
{"id": "FX-14", "peakDb": -6.9, "rmsDb": -28.0, "momentaryDb": -24.6, "activeBlocks": 87, "ctxs": 5, "states": ["running", "closed", "running", "running", "running"]}
{"id": "SC-03", "peakDb": -9.6, "rmsDb": -25.3, "momentaryDb": -24.7, "activeBlocks": 45, "ctxs": 5, "states": ["running", "closed", "running", "running", "running"]}
{"id": "FX-140", "peakDb": -8.6, "rmsDb": -30.9, "momentaryDb": -21.5, "activeBlocks": 118, "ctxs": 5, "states": ["running", "closed", "running", "running", "running"]}
{"id": "FX-157", "peakDb": -6.5, "rmsDb": -25.9, "momentaryDb": -20.2, "activeBlocks": 74, "ctxs": 5, "states": ["running", "closed", "running", "running", "running"]}
{"id": "GS-nuke", "peakDb": -2.5, "rmsDb": -16.7, "momentaryDb": -16.3, "activeBlocks": 118, "ctxs": 6, "states": ["running", "closed", "running", "running", "running", "running"]}
{"id": "GS-rod", "peakDb": -2.7, "rmsDb": -17.2, "momentaryDb": -15.7, "activeBlocks": 124, "ctxs": 6, "states": ["running", "closed", "running", "running", "running", "running"]}
{"id": "GS-tokamak", "peakDb": -5.7, "rmsDb": -25.6, "momentaryDb": -23.0, "activeBlocks": 125, "ctxs": 6, "states": ["running", "closed", "running", "running", "running", "running"]}
{"id": "GS-fractal", "peakDb": -16.6, "rmsDb": -25.8, "momentaryDb": -31.5, "activeBlocks": 123, "ctxs": 6, "states": ["running", "closed", "running", "running", "running", "running"]}
{"id": "D:PROJ:chain", "peakDb": -16.2, "rmsDb": -34.5, "momentaryDb": -31.5, "activeBlocks": 112, "ctxs": 7, "states": ["running", "closed", "running", "running", "running", "running", "running"]}
{"id": "D:ULT:cybereq", "peakDb": -7.8, "rmsDb": -25.2, "momentaryDb": -21.8, "activeBlocks": 109, "ctxs": 8, "states": ["running", "closed", "running", "running", "running", "running", "closed", "closed"]}
{"id": "C:FB_PROJ:koi", "peakDb": -15.4, "rmsDb": -45.3, "momentaryDb": -36.0, "activeBlocks": 107, "ctxs": 9, "states": ["running", "closed", "running", "running", "running", "running", "closed", "closed", "running"]}
{"id": "C:SF_STRUCT:pct", "peakDb": -17.4, "rmsDb": -38.5, "momentaryDb": -33.0, "activeBlocks": 118, "ctxs": 9, "states": ["running", "closed", "running", "running", "running", "running", "closed", "closed", "running"]}
{"id": "C:FB_STRUCT:loom", "peakDb": -24.4, "rmsDb": -41.0, "momentaryDb": -42.0, "activeBlocks": 123, "ctxs": 9, "states": ["running", "closed", "running", "running", "running", "running", "closed", "closed", "running"]}
{"id": "CH:glacier", "peakDb": -6.2, "rmsDb": -25.8, "momentaryDb": -19.1, "activeBlocks": 161, "ctxs": 9, "states": ["running", "closed", "running", "running", "running", "running", "closed", "closed", "running"]}
{"id": "CH:glitch", "peakDb": -3.9, "rmsDb": -25.3, "momentaryDb": -19.2, "activeBlocks": 99, "ctxs": 9, "states": ["running", "closed", "running", "running", "running", "running", "closed", "closed", "running"]}
{"id": "CH:loom", "peakDb": -6.5, "rmsDb": -24.5, "momentaryDb": -19.9, "activeBlocks": 119, "ctxs": 9, "states": ["running", "closed", "running", "running", "running", "running", "closed", "closed", "running"]}
{"id": "CH:tomo", "peakDb": -6.4, "rmsDb": -20.9, "momentaryDb": -18.7, "activeBlocks": 122, "ctxs": 9, "states": ["running", "closed", "running", "running", "running", "running", "closed", "closed", "running"]}
{"id": "CH:marey", "peakDb": -7.2, "rmsDb": -23.4, "momentaryDb": -21.2, "activeBlocks": 123, "ctxs": 9, "states": ["running", "closed", "running", "running", "running", "running", "closed", "closed", "running"]}
{"id": "VA:solar_corona", "peakDb": -7.6, "rmsDb": -25.3, "momentaryDb": -21.3, "activeBlocks": 170, "ctxs": 9, "states": ["running", "closed", "running", "running", "running", "running", "closed", "closed", "running"]}
{"id": "RJ:raijin_descent", "peakDb": -7.2, "rmsDb": -27.1, "momentaryDb": -23.1, "activeBlocks": 124, "ctxs": 9, "states": ["running", "closed", "running", "running", "running", "running", "closed", "closed", "running"]}
{"id": "RJ:domain_expansion", "peakDb": -6.0, "rmsDb": -26.9, "momentaryDb": -19.8, "activeBlocks": 123, "ctxs": 9, "states": ["running", "closed", "running", "running", "running", "running", "closed", "closed", "running"]}
{"id": "FX-25", "peakDb": -10.1, "rmsDb": -29.1, "momentaryDb": -28.0, "activeBlocks": 37, "ctxs": 9, "states": ["running", "closed", "running", "running", "running", "running", "closed", "closed", "running"]}
{"id": "AS-10", "peakDb": -3.3, "rmsDb": -15.3, "momentaryDb": -17.3, "activeBlocks": 32, "ctxs": 9, "states": ["running", "closed", "running", "running", "running", "running", "closed", "closed", "running"]}
{"id": "ARC-02", "peakDb": -9.8, "rmsDb": -22.1, "momentaryDb": -26.2, "activeBlocks": 29, "ctxs": 9, "states": ["running", "closed", "running", "running", "running", "running", "closed", "closed", "running"]}
{"id": "INT-02", "peakDb": -9.4, "rmsDb": -21.8, "momentaryDb": -22.1, "activeBlocks": 118, "ctxs": 9, "states": ["running", "closed", "running", "running", "running", "running", "closed", "closed", "running"]}
{"id": "NV-01", "peakDb": -18.9, "rmsDb": -35.6, "momentaryDb": -35.3, "activeBlocks": 106, "ctxs": 9, "states": ["running", "closed", "running", "running", "running", "running", "closed", "closed", "running"]}
{"id": "INT-03-G", "peakDb": -17.3, "rmsDb": -34.5, "momentaryDb": -34.0, "activeBlocks": 105, "ctxs": 9, "states": ["running", "closed", "running", "running", "running", "running", "closed", "closed", "running"]}
{"id": "FX-126", "peakDb": -12.4, "rmsDb": -30.0, "momentaryDb": -27.1, "activeBlocks": 96, "ctxs": 9, "states": ["running", "closed", "running", "running", "running", "running", "closed", "closed", "running"]}
{"id": "ARC-22", "peakDb": -22.5, "rmsDb": -36.2, "momentaryDb": -38.4, "activeBlocks": 118, "ctxs": 9, "states": ["running", "closed", "running", "running", "running", "running", "closed", "closed", "running"]}
{"id": "FX-108", "peakDb": -8.9, "rmsDb": -25.8, "momentaryDb": -26.1, "activeBlocks": 92, "ctxs": 9, "states": ["running", "closed", "running", "running", "running", "running", "closed", "closed", "running"]}
{"id": "GS-dynamite", "peakDb": -3.6, "rmsDb": -20.6, "momentaryDb": -16.8, "activeBlocks": 119, "ctxs": 9, "states": ["running", "closed", "running", "running", "running", "running", "closed", "closed", "running"]}
{"id": "GS-hammer", "peakDb": -1.8, "rmsDb": -21.2, "momentaryDb": -17.3, "activeBlocks": 122, "ctxs": 9, "states": ["running", "closed", "running", "running", "running", "running", "closed", "closed", "running"]}
{"id": "C:FB_STRUCT:myco", "peakDb": -19.8, "rmsDb": -40.0, "momentaryDb": -35.0, "activeBlocks": 202, "ctxs": 9, "states": ["running", "closed", "running", "running", "running", "running", "closed", "closed", "running"]}
{"id": "D:STRUCT:tree", "peakDb": -20.4, "rmsDb": -41.0, "momentaryDb": -35.4, "activeBlocks": 63, "ctxs": 10, "states": ["running", "closed", "running", "running", "running", "running", "closed", "closed", "running", "running"]}
{"id": "D:STRUCT:pylon", "peakDb": -21.2, "rmsDb": -41.2, "momentaryDb": -39.6, "activeBlocks": 26, "ctxs": 11, "states": ["running", "closed", "running", "running", "running", "running", "closed", "closed", "running", "closed", "running"]}
{"id": "D:PROJ:orbitdiver", "peakDb": -15.3, "rmsDb": -33.8, "momentaryDb": -30.7, "activeBlocks": 23, "ctxs": 12, "states": ["running", "closed", "running", "running", "running", "running", "closed", "closed", "running", "closed", "closed", "running"]}
{"id": "D:PROJ:bagua", "peakDb": -20.2, "rmsDb": -37.3, "momentaryDb": -35.5, "activeBlocks": 29, "ctxs": 13, "states": ["running", "closed", "running", "running", "running", "running", "closed", "closed", "running", "closed", "closed", "suspended", "suspended"]}
{"id": "D:PROJ:kintsugilance", "peakDb": -10.4, "rmsDb": -35.3, "momentaryDb": -30.4, "activeBlocks": 99, "ctxs": 14, "states": ["running", "closed", "running", "running", "running", "running", "closed", "closed", "running", "closed", "closed", "closed", "closed", "suspended"]}
{"id": "D:ULT:inkfall", "peakDb": -12.5, "rmsDb": -35.9, "momentaryDb": -28.0, "activeBlocks": 88, "ctxs": 15, "states": ["running", "closed", "running", "running", "running", "running", "closed", "closed", "running", "closed", "closed", "closed", "closed", "closed", "running"]}
{"id": "D:ULT:rootascend", "peakDb": -16.4, "rmsDb": -35.4, "momentaryDb": -30.4, "activeBlocks": 67, "ctxs": 16, "states": ["running", "closed", "running", "running", "running", "running", "closed", "closed", "running", "closed", "closed", "closed", "closed", "closed", "suspended", "running"]}
{"id": "D:ULT:retrograde_eclipse", "peakDb": -28.7, "rmsDb": -44.0, "momentaryDb": -44.4, "activeBlocks": 12, "ctxs": 17, "states": ["running", "closed", "running", "running", "running", "running", "closed", "closed", "running", "closed", "closed", "closed", "closed", "closed", "closed", "suspended", "running"]}
{"id": "D:ULT:waltz", "peakDb": -12.4, "rmsDb": -30.5, "momentaryDb": -28.0, "activeBlocks": 118, "ctxs": 18, "states": ["running", "closed", "running", "running", "running", "running", "closed", "closed", "running", "closed", "closed", "closed", "closed", "closed", "closed", "closed", "suspended", "running"]}
{"id": "C:F_PROJ:gho", "peakDb": -2.3, "rmsDb": -18.6, "momentaryDb": -17.2, "activeBlocks": 80, "ctxs": 18, "states": ["running", "closed", "running", "running", "running", "running", "closed", "closed", "running", "closed", "closed", "closed", "closed", "closed", "closed", "closed", "closed", "closed"]}
{"id": "C:F_PROJ:meteor", "peakDb": -0.0, "rmsDb": -20.4, "momentaryDb": -15.9, "activeBlocks": 68, "ctxs": 18, "states": ["running", "closed", "running", "running", "running", "running", "closed", "closed", "running", "closed", "closed", "closed", "closed", "closed", "closed", "closed", "closed", "closed"]}
{"id": "C:F_STRUCT:gateway", "peakDb": -11.0, "rmsDb": -33.9, "momentaryDb": -25.0, "activeBlocks": 118, "ctxs": 18, "states": ["running", "closed", "running", "running", "running", "running", "closed", "closed", "running", "closed", "closed", "closed", "closed", "closed", "closed", "closed", "closed", "closed"]}
{"id": "C:SF_STRUCT:obl", "peakDb": -9.0, "rmsDb": -32.0, "momentaryDb": -23.2, "activeBlocks": 122, "ctxs": 18, "states": ["running", "closed", "running", "running", "running", "running", "closed", "closed", "running", "closed", "closed", "closed", "closed", "closed", "closed", "closed", "closed", "closed"]}
{"id": "C:EXT_STRUCT:bio", "peakDb": -20.2, "rmsDb": -39.8, "momentaryDb": -35.2, "activeBlocks": 122, "ctxs": 18, "states": ["running", "closed", "running", "running", "running", "running", "closed", "closed", "running", "closed", "closed", "closed", "closed", "closed", "closed", "closed", "closed", "closed"]}
{"id": "CH:cathedral", "peakDb": -10.3, "rmsDb": -26.3, "momentaryDb": -25.2, "activeBlocks": 153, "ctxs": 18, "states": ["running", "closed", "running", "running", "running", "running", "closed", "closed", "running", "closed", "closed", "closed", "closed", "closed", "closed", "closed", "closed", "closed"]}
{"id": "CH:ssitgim", "peakDb": -8.1, "rmsDb": -25.5, "momentaryDb": -22.7, "activeBlocks": 123, "ctxs": 18, "states": ["running", "closed", "running", "running", "running", "running", "closed", "closed", "running", "closed", "closed", "closed", "closed", "closed", "closed", "closed", "closed", "closed"]}
{"id": "VA:galaxy_lance", "peakDb": -7.9, "rmsDb": -27.6, "momentaryDb": -21.9, "activeBlocks": 167, "ctxs": 18, "states": ["running", "closed", "running", "running", "running", "running", "closed", "closed", "running", "closed", "closed", "closed", "closed", "closed", "closed", "closed", "closed", "closed"]}
{"id": "RJ:ink_dragon", "peakDb": -5.4, "rmsDb": -31.3, "momentaryDb": -22.4, "activeBlocks": 123, "ctxs": 18, "states": ["running", "closed", "running", "running", "running", "running", "closed", "closed", "running", "closed", "closed", "closed", "closed", "closed", "closed", "closed", "closed", "closed"]}
{"id": "RJ:fujin_tempest", "peakDb": -12.9, "rmsDb": -38.1, "momentaryDb": -31.2, "activeBlocks": 116, "ctxs": 18, "states": ["running", "closed", "running", "running", "running", "running", "closed", "closed", "running", "closed", "closed", "closed", "closed", "closed", "closed", "closed", "closed", "closed"]}
{"id": "FX-20", "peakDb": -2.4, "rmsDb": -20.4, "momentaryDb": -19.8, "activeBlocks": 23, "ctxs": 18, "states": ["running", "closed", "running", "running", "running", "running", "closed", "closed", "running", "closed", "closed", "closed", "closed", "closed", "closed", "closed", "closed", "closed"]}
{"id": "AS-07", "peakDb": -2.6, "rmsDb": -27.7, "momentaryDb": -26.5, "activeBlocks": 12, "ctxs": 18, "states": ["running", "closed", "running", "running", "running", "running", "closed", "closed", "running", "closed", "closed", "closed", "closed", "closed", "closed", "closed", "closed", "closed"]}
{"id": "INT-07", "peakDb": -20.9, "rmsDb": -36.0, "momentaryDb": -35.9, "activeBlocks": 118, "ctxs": 18, "states": ["running", "closed", "running", "running", "running", "running", "closed", "closed", "running", "closed", "closed", "closed", "closed", "closed", "closed", "closed", "closed", "closed"]}
{"id": "NV-05", "peakDb": -9.2, "rmsDb": -24.4, "momentaryDb": -22.5, "activeBlocks": 33, "ctxs": 18, "states": ["running", "closed", "running", "running", "running", "running", "closed", "closed", "running", "closed", "closed", "closed", "closed", "closed", "closed", "closed", "closed", "closed"]}
{"id": "FX-28", "peakDb": -8.9, "rmsDb": -30.1, "momentaryDb": -28.9, "activeBlocks": 17, "ctxs": 18, "states": ["running", "closed", "running", "running", "running", "running", "closed", "closed", "running", "closed", "closed", "closed", "closed", "closed", "closed", "closed", "closed", "closed"]}
{"id": "FX-122", "peakDb": -7.0, "rmsDb": -25.3, "momentaryDb": -19.3, "activeBlocks": 73, "ctxs": 18, "states": ["running", "closed", "running", "running", "running", "running", "closed", "closed", "running", "closed", "closed", "closed", "closed", "closed", "closed", "closed", "closed", "closed"]}
{"id": "ARC-23", "peakDb": -2.2, "rmsDb": -17.9, "momentaryDb": -18.7, "activeBlocks": 118, "ctxs": 18, "states": ["running", "closed", "running", "running", "running", "running", "closed", "closed", "running", "closed", "closed", "closed", "closed", "closed", "closed", "closed", "closed", "closed"]}
{"id": "D:PROJ:bubble", "peakDb": -18.6, "rmsDb": -32.9, "momentaryDb": -28.9, "activeBlocks": 85, "ctxs": 19, "states": ["running", "closed", "running", "running", "running", "running", "closed", "closed", "running", "closed", "closed", "closed", "closed", "closed", "closed", "closed", "closed", "closed", "running"]}
{"id": "D:PROJ:talisman", "peakDb": -23.2, "rmsDb": -43.2, "momentaryDb": -43.6, "activeBlocks": 17, "ctxs": 20, "states": ["running", "closed", "running", "running", "running", "running", "closed", "closed", "running", "closed", "closed", "closed", "closed", "closed", "closed", "closed", "closed", "closed", "suspended", "suspended"]}
{"id": "D:PROJ:knotlance", "peakDb": -14.0, "rmsDb": -32.8, "momentaryDb": -29.9, "activeBlocks": 22, "ctxs": 21, "states": ["running", "closed", "running", "running", "running", "running", "closed", "closed", "running", "closed", "closed", "closed", "closed", "closed", "closed", "closed", "closed", "closed", "closed", "closed", "suspended"]}
{"id": "D:PROJ:thunderstrike", "peakDb": -14.5, "rmsDb": -35.2, "momentaryDb": -32.9, "activeBlocks": 17, "ctxs": 22, "states": ["running", "closed", "running", "running", "running", "running", "closed", "closed", "running", "closed", "closed", "closed", "closed", "closed", "closed", "closed", "closed", "closed", "closed", "closed", "closed", "suspended"]}
{"id": "D:PROJ:lantern", "peakDb": -7.6, "rmsDb": -29.8, "momentaryDb": -28.0, "activeBlocks": 16, "ctxs": 23, "states": ["running", "closed", "running", "running", "running", "running", "closed", "closed", "running", "closed", "closed", "closed", "closed", "closed", "closed", "closed", "closed", "closed", "closed", "closed", "closed", "closed", "running"]}
{"id": "D:PROJ:satellite", "peakDb": -15.5, "rmsDb": -36.4, "momentaryDb": -32.6, "activeBlocks": 33, "ctxs": 24, "states": ["running", "closed", "running", "running", "running", "running", "closed", "closed", "running", "closed", "closed", "closed", "closed", "closed", "closed", "closed", "closed", "closed", "closed", "closed", "closed", "closed", "suspended", "suspended"]}
{"id": "D:ULT:chrono", "peakDb": -22.7, "rmsDb": -39.4, "momentaryDb": -37.3, "activeBlocks": 37, "ctxs": 25, "states": ["running", "closed", "running", "running", "running", "running", "closed", "closed", "running", "closed", "closed", "closed", "closed", "closed", "closed", "closed", "closed", "closed", "closed", "closed", "closed", "closed", "closed", "closed", "running"]}
{"id": "D:ULT:haetae", "peakDb": -9.6, "rmsDb": -31.4, "momentaryDb": -24.9, "activeBlocks": 70, "ctxs": 26, "states": ["running", "closed", "running", "running", "running", "running", "closed", "closed", "running", "closed", "closed", "closed", "closed", "closed", "closed", "closed", "closed", "closed", "closed", "closed", "closed", "closed", "closed", "closed", "suspended", "running"]}
{"id": "D:ULT:yonggungmun", "peakDb": -17.8, "rmsDb": -37.3, "momentaryDb": -31.6, "activeBlocks": 66, "ctxs": 27, "states": ["running", "closed", "running", "running", "running", "running", "closed", "closed", "running", "closed", "closed", "closed", "closed", "closed", "closed", "closed", "closed", "closed", "closed", "closed", "closed", "closed", "closed", "closed", "closed", "suspended", "closed"]}
{"id": "C:F_PROJ:chs", "peakDb": -2.0, "rmsDb": -22.7, "momentaryDb": -18.2, "activeBlocks": 38, "ctxs": 27, "states": ["running", "closed", "running", "running", "running", "running", "closed", "closed", "running", "closed", "closed", "closed", "closed", "closed", "closed", "closed", "closed", "closed", "closed", "closed", "closed", "closed", "closed", "closed", "closed", "closed", "closed"]}
{"id": "C:F_PROJ:met", "peakDb": -1.6, "rmsDb": -22.0, "momentaryDb": -16.4, "activeBlocks": 57, "ctxs": 27, "states": ["running", "closed", "running", "running", "running", "running", "closed", "closed", "running", "closed", "closed", "closed", "closed", "closed", "closed", "closed", "closed", "closed", "closed", "closed", "closed", "closed", "closed", "closed", "closed", "closed", "closed"]}
{"id": "C:F_PROJ:snc", "peakDb": -0.1, "rmsDb": -21.2, "momentaryDb": -16.0, "activeBlocks": 41, "ctxs": 27, "states": ["running", "closed", "running", "running", "running", "running", "closed", "closed", "running", "closed", "closed", "closed", "closed", "closed", "closed", "closed", "closed", "closed", "closed", "closed", "closed", "closed", "closed", "closed", "closed", "closed", "closed"]}
{"id": "C:F_PROJ:entr", "peakDb": -1.0, "rmsDb": -22.1, "momentaryDb": -18.0, "activeBlocks": 43, "ctxs": 27, "states": ["running", "closed", "running", "running", "running", "running", "closed", "closed", "running", "closed", "closed", "closed", "closed", "closed", "closed", "closed", "closed", "closed", "closed", "closed", "closed", "closed", "closed", "closed", "closed", "closed", "closed"]}
{"id": "C:F_PROJ:verdant", "peakDb": -7.0, "rmsDb": -25.8, "momentaryDb": -23.0, "activeBlocks": 54, "ctxs": 27, "states": ["running", "closed", "running", "running", "running", "running", "closed", "closed", "running", "closed", "closed", "closed", "closed", "closed", "closed", "closed", "closed", "closed", "closed", "closed", "closed", "closed", "closed", "closed", "closed", "closed", "closed"]}
{"id": "C:FB_STRUCT:willow", "peakDb": -31.6, "rmsDb": -47.6, "momentaryDb": -45.6, "activeBlocks": 119, "ctxs": 27, "states": ["running", "closed", "running", "running", "running", "running", "closed", "closed", "running", "closed", "closed", "closed", "closed", "closed", "closed", "closed", "closed", "closed", "closed", "closed", "closed", "closed", "closed", "closed", "closed", "closed", "closed"]}
{"id": "D:PROJ:gayageum", "peakDb": -23.4, "rmsDb": -47.6, "momentaryDb": -43.0, "activeBlocks": 45, "ctxs": 28, "states": ["running", "closed", "running", "running", "running", "running", "closed", "closed", "running", "closed", "closed", "closed", "closed", "closed", "closed", "closed", "closed", "closed", "closed", "closed", "closed", "closed", "closed", "closed", "closed", "closed", "closed", "suspended"]}
{"id": "C:EXT_PROJ:cluster", "peakDb": -9.6, "rmsDb": -38.4, "momentaryDb": -29.4, "activeBlocks": 89, "ctxs": 28, "states": ["running", "closed", "running", "running", "running", "running", "closed", "closed", "running", "closed", "closed", "closed", "closed", "closed", "closed", "closed", "closed", "closed", "closed", "closed", "closed", "closed", "closed", "closed", "closed", "closed", "closed", "closed"]}
{"id": "D:ULT:pungbaekusa", "peakDb": -14.6, "rmsDb": -37.1, "momentaryDb": -30.5, "activeBlocks": 64, "ctxs": 29, "states": ["running", "closed", "running", "running", "running", "running", "closed", "closed", "running", "closed", "closed", "closed", "closed", "closed", "closed", "closed", "closed", "closed", "closed", "closed", "closed", "closed", "closed", "closed", "closed", "closed", "closed", "closed", "suspended"]}
{"id": "FX-159", "peakDb": -15.6, "rmsDb": -32.3, "momentaryDb": -33.1, "activeBlocks": 39, "ctxs": 29, "states": ["running", "closed", "running", "running", "running", "running", "closed", "closed", "running", "closed", "closed", "closed", "closed", "closed", "closed", "closed", "closed", "closed", "closed", "closed", "closed", "closed", "closed", "closed", "closed", "closed", "closed", "closed", "closed"]}
{"id": "D:PROJ:ilseom", "peakDb": -26.2, "rmsDb": -37.3, "momentaryDb": -46.8, "activeBlocks": 1, "ctxs": 30, "states": ["running", "closed", "running", "running", "running", "running", "closed", "closed", "running", "closed", "closed", "closed", "closed", "closed", "closed", "closed", "closed", "closed", "closed", "closed", "closed", "closed", "closed", "closed", "closed", "closed", "closed", "closed", "closed", "suspended"]}
