total ids 501, this shard 83
{"id": "GS-requiem", "peakDb": -12.9, "rmsDb": -27.8, "momentaryDb": -20.6, "activeBlocks": 115, "ctxs": 1, "states": ["running"]}
{"id": "D:ULT:relicjade", "peakDb": -14.7, "rmsDb": -34.3, "momentaryDb": -24.0, "activeBlocks": 203, "ctxs": 2, "states": ["running", "running"]}
{"id": "CH:spiral", "peakDb": -12.0, "rmsDb": -29.2, "momentaryDb": -22.3, "activeBlocks": 121, "ctxs": 3, "states": ["running", "closed", "running"]}
{"id": "FX-06", "peakDb": -8.4, "rmsDb": -26.3, "momentaryDb": -22.6, "activeBlocks": 148, "ctxs": 4, "states": ["running", "closed", "running", "running"]}
{"id": "ARC-07", "peakDb": -4.5, "rmsDb": -24.3, "momentaryDb": -22.7, "activeBlocks": 49, "ctxs": 4, "states": ["running", "closed", "running", "running"]}
{"id": "NV-03", "peakDb": -6.2, "rmsDb": -24.3, "momentaryDb": -22.1, "activeBlocks": 29, "ctxs": 4, "states": ["running", "closed", "running", "running"]}
{"id": "FX-150", "peakDb": -12.7, "rmsDb": -28.8, "momentaryDb": -22.0, "activeBlocks": 65, "ctxs": 5, "states": ["running", "closed", "running", "running", "running"]}
{"id": "WTR-1", "peakDb": -12.5, "rmsDb": -21.0, "momentaryDb": -23.8, "activeBlocks": 118, "ctxs": 5, "states": ["running", "closed", "running", "running", "running"]}
{"id": "GS-sonic", "peakDb": -8.5, "rmsDb": -28.1, "momentaryDb": -22.5, "activeBlocks": 122, "ctxs": 5, "states": ["running", "closed", "running", "running", "running"]}
{"id": "GS-talisman", "peakDb": -7.6, "rmsDb": -26.2, "momentaryDb": -22.4, "activeBlocks": 123, "ctxs": 5, "states": ["running", "closed", "running", "running", "running"]}
{"id": "GS-lance", "peakDb": -7.8, "rmsDb": -25.7, "momentaryDb": -22.5, "activeBlocks": 123, "ctxs": 5, "states": ["running", "closed", "running", "running", "running"]}
{"id": "GS-abyss", "peakDb": -9.4, "rmsDb": -20.7, "momentaryDb": -23.2, "activeBlocks": 122, "ctxs": 5, "states": ["running", "closed", "running", "running", "running"]}
{"id": "D:ULT:cheonmyeong", "peakDb": -9.8, "rmsDb": -30.2, "momentaryDb": -22.5, "activeBlocks": 205, "ctxs": 6, "states": ["running", "closed", "running", "running", "running", "running"]}
{"id": "D:ULT:chaoscore", "peakDb": -9.9, "rmsDb": -29.1, "momentaryDb": -22.3, "activeBlocks": 116, "ctxs": 7, "states": ["running", "closed", "running", "running", "running", "closed", "running"]}
{"id": "C:F_STRUCT:bismuth", "peakDb": -0.8, "rmsDb": -27.0, "momentaryDb": -27.8, "activeBlocks": 120, "ctxs": 8, "states": ["running", "closed", "running", "running", "running", "closed", "closed", "running"]}
{"id": "C:SF_STRUCT:hcb", "peakDb": -14.9, "rmsDb": -31.0, "momentaryDb": -28.6, "activeBlocks": 123, "ctxs": 8, "states": ["running", "closed", "running", "running", "running", "closed", "closed", "running"]}
{"id": "C:EXT_STRUCT:reactor", "peakDb": -9.0, "rmsDb": -31.7, "momentaryDb": -23.2, "activeBlocks": 122, "ctxs": 8, "states": ["running", "closed", "running", "running", "running", "closed", "closed", "running"]}
{"id": "CH:solar", "peakDb": -8.0, "rmsDb": -26.9, "momentaryDb": -23.0, "activeBlocks": 151, "ctxs": 8, "states": ["running", "closed", "running", "running", "running", "closed", "closed", "running"]}
{"id": "CH:collapse", "peakDb": -9.1, "rmsDb": -26.2, "momentaryDb": -22.4, "activeBlocks": 122, "ctxs": 8, "states": ["running", "closed", "running", "running", "running", "closed", "closed", "running"]}
{"id": "CH:leviathan", "peakDb": -10.9, "rmsDb": -25.2, "momentaryDb": -22.4, "activeBlocks": 122, "ctxs": 8, "states": ["running", "closed", "running", "running", "running", "closed", "closed", "running"]}
{"id": "CH:brimstone", "peakDb": -8.6, "rmsDb": -27.1, "momentaryDb": -22.6, "activeBlocks": 122, "ctxs": 8, "states": ["running", "closed", "running", "running", "running", "closed", "closed", "running"]}
{"id": "CH:gaze", "peakDb": -9.5, "rmsDb": -24.9, "momentaryDb": -22.6, "activeBlocks": 122, "ctxs": 8, "states": ["running", "closed", "running", "running", "running", "closed", "closed", "running"]}
{"id": "VA:radiant_skyfall", "peakDb": -10.2, "rmsDb": -26.4, "momentaryDb": -22.5, "activeBlocks": 165, "ctxs": 9, "states": ["running", "closed", "running", "running", "running", "closed", "closed", "running", "running"]}
{"id": "RJ:chrono_stasis", "peakDb": -6.2, "rmsDb": -30.0, "momentaryDb": -23.4, "activeBlocks": 123, "ctxs": 9, "states": ["running", "closed", "running", "running", "running", "closed", "closed", "running", "running"]}
{"id": "RJ:bujeok_seal", "peakDb": -9.6, "rmsDb": -31.3, "momentaryDb": -24.5, "activeBlocks": 123, "ctxs": 9, "states": ["running", "closed", "running", "running", "running", "closed", "closed", "running", "running"]}
{"id": "FX-04", "peakDb": -11.0, "rmsDb": -26.7, "momentaryDb": -20.7, "activeBlocks": 68, "ctxs": 9, "states": ["running", "closed", "running", "running", "running", "closed", "closed", "running", "running"]}
{"id": "ARC-04", "peakDb": -8.8, "rmsDb": -21.1, "momentaryDb": -22.7, "activeBlocks": 46, "ctxs": 9, "states": ["running", "closed", "running", "running", "running", "closed", "closed", "running", "running"]}
{"id": "ARC-08", "peakDb": -16.7, "rmsDb": -34.1, "momentaryDb": -33.6, "activeBlocks": 23, "ctxs": 9, "states": ["running", "closed", "running", "running", "running", "closed", "closed", "running", "running"]}
{"id": "INT-03", "peakDb": -4.0, "rmsDb": -24.6, "momentaryDb": -22.7, "activeBlocks": 110, "ctxs": 9, "states": ["running", "closed", "running", "running", "running", "closed", "closed", "running", "running"]}
{"id": "NV-07", "peakDb": -5.0, "rmsDb": -26.4, "momentaryDb": -22.7, "activeBlocks": 90, "ctxs": 9, "states": ["running", "closed", "running", "running", "running", "closed", "closed", "running", "running"]}
{"id": "FX-10-O", "peakDb": -8.3, "rmsDb": -21.9, "momentaryDb": -23.9, "activeBlocks": 14, "ctxs": 9, "states": ["running", "closed", "running", "running", "running", "closed", "closed", "running", "running"]}
{"id": "FX-142", "peakDb": -7.1, "rmsDb": -28.1, "momentaryDb": -22.8, "activeBlocks": 85, "ctxs": 9, "states": ["running", "closed", "running", "running", "running", "closed", "closed", "running", "running"]}
{"id": "ARC-24", "peakDb": -8.9, "rmsDb": -23.1, "momentaryDb": -23.0, "activeBlocks": 118, "ctxs": 9, "states": ["running", "closed", "running", "running", "running", "closed", "closed", "running", "running"]}
{"id": "ARC-32", "peakDb": -7.8, "rmsDb": -20.3, "momentaryDb": -22.7, "activeBlocks": 98, "ctxs": 9, "states": ["running", "closed", "running", "running", "running", "closed", "closed", "running", "running"]}
{"id": "GS-mortar", "peakDb": -7.7, "rmsDb": -27.8, "momentaryDb": -22.7, "activeBlocks": 118, "ctxs": 9, "states": ["running", "closed", "running", "running", "running", "closed", "closed", "running", "running"]}
{"id": "GS-ferro", "peakDb": -5.9, "rmsDb": -19.6, "momentaryDb": -22.4, "activeBlocks": 123, "ctxs": 9, "states": ["running", "closed", "running", "running", "running", "closed", "closed", "running", "running"]}
{"id": "C:FB_PROJ:eye", "peakDb": -9.7, "rmsDb": -30.2, "momentaryDb": -23.1, "activeBlocks": 204, "ctxs": 9, "states": ["running", "closed", "running", "running", "running", "closed", "closed", "running", "running"]}
{"id": "D:STRUCT:belfry", "peakDb": -8.9, "rmsDb": -27.6, "momentaryDb": -22.1, "activeBlocks": 71, "ctxs": 10, "states": ["running", "closed", "running", "running", "running", "closed", "closed", "running", "running", "running"]}
{"id": "D:STRUCT:portal", "peakDb": -8.1, "rmsDb": -23.1, "momentaryDb": -22.3, "activeBlocks": 19, "ctxs": 11, "states": ["running", "closed", "running", "running", "running", "closed", "closed", "running", "running", "closed", "running"]}
{"id": "D:PROJ:genesis", "peakDb": -7.3, "rmsDb": -26.1, "momentaryDb": -23.0, "activeBlocks": 21, "ctxs": 12, "states": ["running", "closed", "running", "running", "running", "closed", "closed", "running", "running", "closed", "closed", "running"]}
{"id": "D:PROJ:ohaeng", "peakDb": -11.1, "rmsDb": -27.5, "momentaryDb": -28.8, "activeBlocks": 35, "ctxs": 13, "states": ["running", "closed", "running", "running", "running", "closed", "closed", "running", "running", "closed", "closed", "suspended", "suspended"]}
{"id": "D:ULT:thunder", "peakDb": -12.0, "rmsDb": -30.1, "momentaryDb": -27.0, "activeBlocks": 62, "ctxs": 14, "states": ["running", "closed", "running", "running", "running", "closed", "closed", "running", "running", "closed", "closed", "closed", "closed", "running"]}
{"id": "D:ULT:issen", "peakDb": -6.0, "rmsDb": -26.4, "momentaryDb": -23.6, "activeBlocks": 38, "ctxs": 15, "states": ["running", "closed", "running", "running", "running", "closed", "closed", "running", "running", "closed", "closed", "closed", "closed", "suspended", "running"]}
{"id": "D:ULT:whale", "peakDb": -21.0, "rmsDb": -36.0, "momentaryDb": -35.5, "activeBlocks": 33, "ctxs": 16, "states": ["running", "closed", "running", "running", "running", "closed", "closed", "running", "running", "closed", "closed", "closed", "closed", "closed", "suspended", "running"]}
{"id": "D:ULT:crystalcage", "peakDb": -10.5, "rmsDb": -27.0, "momentaryDb": -22.6, "activeBlocks": 44, "ctxs": 17, "states": ["running", "closed", "running", "running", "running", "closed", "closed", "running", "running", "closed", "closed", "closed", "closed", "closed", "closed", "suspended", "suspended"]}
{"id": "D:ULT:meteor", "peakDb": -10.6, "rmsDb": -29.3, "momentaryDb": -22.2, "activeBlocks": 110, "ctxs": 18, "states": ["running", "closed", "running", "running", "running", "closed", "closed", "running", "running", "closed", "closed", "closed", "closed", "closed", "closed", "closed", "closed", "running"]}
{"id": "C:F_PROJ:qnt", "peakDb": -4.8, "rmsDb": -27.4, "momentaryDb": -22.1, "activeBlocks": 44, "ctxs": 18, "states": ["running", "closed", "running", "running", "running", "closed", "closed", "running", "running", "closed", "closed", "closed", "closed", "closed", "closed", "closed", "closed", "closed"]}
{"id": "C:SF_PROJ:prs", "peakDb": -5.9, "rmsDb": -26.5, "momentaryDb": -22.6, "activeBlocks": 40, "ctxs": 18, "states": ["running", "closed", "running", "running", "running", "closed", "closed", "running", "running", "closed", "closed", "closed", "closed", "closed", "closed", "closed", "closed", "closed"]}
{"id": "C:F_STRUCT:icewall", "peakDb": -3.9, "rmsDb": -26.0, "momentaryDb": -21.7, "activeBlocks": 118, "ctxs": 18, "states": ["running", "closed", "running", "running", "running", "closed", "closed", "running", "running", "closed", "closed", "closed", "closed", "closed", "closed", "closed", "closed", "closed"]}
{"id": "C:FB_STRUCT:pagoda", "peakDb": -7.2, "rmsDb": -24.9, "momentaryDb": -22.4, "activeBlocks": 123, "ctxs": 18, "states": ["running", "closed", "running", "running", "running", "closed", "closed", "running", "running", "closed", "closed", "closed", "closed", "closed", "closed", "closed", "closed", "closed"]}
{"id": "C:EXT_STRUCT:beacon", "peakDb": -3.6, "rmsDb": -28.0, "momentaryDb": -22.6, "activeBlocks": 122, "ctxs": 18, "states": ["running", "closed", "running", "running", "running", "closed", "closed", "running", "running", "closed", "closed", "closed", "closed", "closed", "closed", "closed", "closed", "closed"]}
{"id": "CH:seraph", "peakDb": -9.0, "rmsDb": -25.7, "momentaryDb": -22.7, "activeBlocks": 156, "ctxs": 18, "states": ["running", "closed", "running", "running", "running", "closed", "closed", "running", "running", "closed", "closed", "closed", "closed", "closed", "closed", "closed", "closed", "closed"]}
{"id": "CH:lazy", "peakDb": -7.2, "rmsDb": -27.0, "momentaryDb": -23.1, "activeBlocks": 123, "ctxs": 18, "states": ["running", "closed", "running", "running", "running", "closed", "closed", "running", "running", "closed", "closed", "closed", "closed", "closed", "closed", "closed", "closed", "closed"]}
{"id": "VA:wraith_choir", "peakDb": -8.7, "rmsDb": -25.4, "momentaryDb": -22.8, "activeBlocks": 168, "ctxs": 18, "states": ["running", "closed", "running", "running", "running", "closed", "closed", "running", "running", "closed", "closed", "closed", "closed", "closed", "closed", "closed", "closed", "closed"]}
{"id": "RJ:phoenix_rebirth", "peakDb": -7.4, "rmsDb": -31.7, "momentaryDb": -22.8, "activeBlocks": 123, "ctxs": 18, "states": ["running", "closed", "running", "running", "running", "closed", "closed", "running", "running", "closed", "closed", "closed", "closed", "closed", "closed", "closed", "closed", "closed"]}
{"id": "FX-02", "peakDb": -5.2, "rmsDb": -23.3, "momentaryDb": -22.5, "activeBlocks": 74, "ctxs": 18, "states": ["running", "closed", "running", "running", "running", "closed", "closed", "running", "running", "closed", "closed", "closed", "closed", "closed", "closed", "closed", "closed", "closed"]}
{"id": "FX-11", "peakDb": -8.2, "rmsDb": -25.7, "momentaryDb": -22.3, "activeBlocks": 118, "ctxs": 18, "states": ["running", "closed", "running", "running", "running", "closed", "closed", "running", "running", "closed", "closed", "closed", "closed", "closed", "closed", "closed", "closed", "closed"]}
{"id": "ARC-01", "peakDb": -1.2, "rmsDb": -20.8, "momentaryDb": -20.8, "activeBlocks": 10, "ctxs": 18, "states": ["running", "closed", "running", "running", "running", "closed", "closed", "running", "running", "closed", "closed", "closed", "closed", "closed", "closed", "closed", "closed", "closed"]}
{"id": "MC-05", "peakDb": -5.9, "rmsDb": -26.2, "momentaryDb": -25.8, "activeBlocks": 48, "ctxs": 18, "states": ["running", "closed", "running", "running", "running", "closed", "closed", "running", "running", "closed", "closed", "closed", "closed", "closed", "closed", "closed", "closed", "closed"]}
{"id": "NV-08", "peakDb": -8.5, "rmsDb": -25.1, "momentaryDb": -23.7, "activeBlocks": 112, "ctxs": 18, "states": ["running", "closed", "running", "running", "running", "closed", "closed", "running", "running", "closed", "closed", "closed", "closed", "closed", "closed", "closed", "closed", "closed"]}
{"id": "FX-89", "peakDb": -8.7, "rmsDb": -26.8, "momentaryDb": -21.9, "activeBlocks": 64, "ctxs": 18, "states": ["running", "closed", "running", "running", "running", "closed", "closed", "running", "running", "closed", "closed", "closed", "closed", "closed", "closed", "closed", "closed", "closed"]}
{"id": "FX-151", "peakDb": -8.8, "rmsDb": -23.6, "momentaryDb": -25.6, "activeBlocks": 51, "ctxs": 18, "states": ["running", "closed", "running", "running", "running", "closed", "closed", "running", "running", "closed", "closed", "closed", "closed", "closed", "closed", "closed", "closed", "closed"]}
{"id": "ARC-26", "peakDb": -8.0, "rmsDb": -22.1, "momentaryDb": -22.8, "activeBlocks": 118, "ctxs": 18, "states": ["running", "closed", "running", "running", "running", "closed", "closed", "running", "running", "closed", "closed", "closed", "closed", "closed", "closed", "closed", "closed", "closed"]}
{"id": "D:PROJ:crescent", "peakDb": -8.1, "rmsDb": -22.0, "momentaryDb": -22.6, "activeBlocks": 114, "ctxs": 19, "states": ["running", "closed", "running", "running", "running", "closed", "closed", "running", "running", "closed", "closed", "closed", "closed", "closed", "closed", "closed", "closed", "closed", "suspended"]}
{"id": "D:PROJ:echo", "peakDb": -7.3, "rmsDb": -26.6, "momentaryDb": -22.7, "activeBlocks": 36, "ctxs": 20, "states": ["running", "closed", "running", "running", "running", "closed", "closed", "running", "running", "closed", "closed", "closed", "closed", "closed", "closed", "closed", "closed", "closed", "closed", "suspended"]}
{"id": "D:PROJ:corallance", "peakDb": -9.5, "rmsDb": -26.4, "momentaryDb": -26.4, "activeBlocks": 17, "ctxs": 21, "states": ["running", "closed", "running", "running", "running", "closed", "closed", "running", "running", "closed", "closed", "closed", "closed", "closed", "closed", "closed", "closed", "closed", "closed", "closed", "suspended"]}
{"id": "D:PROJ:windchime", "peakDb": -1.8, "rmsDb": -26.5, "momentaryDb": -22.6, "activeBlocks": 24, "ctxs": 22, "states": ["running", "closed", "running", "running", "running", "closed", "closed", "running", "running", "closed", "closed", "closed", "closed", "closed", "closed", "closed", "closed", "closed", "closed", "closed", "closed", "suspended"]}
{"id": "D:PROJ:crane", "peakDb": -9.9, "rmsDb": -29.2, "momentaryDb": -30.1, "activeBlocks": 14, "ctxs": 23, "states": ["running", "closed", "running", "running", "running", "closed", "closed", "running", "running", "closed", "closed", "closed", "closed", "closed", "closed", "closed", "closed", "closed", "closed", "closed", "closed", "closed", "suspended"]}
{"id": "D:PROJ:clonedagger", "peakDb": -5.5, "rmsDb": -25.8, "momentaryDb": -22.5, "activeBlocks": 26, "ctxs": 24, "states": ["running", "closed", "running", "running", "running", "closed", "closed", "running", "running", "closed", "closed", "closed", "closed", "closed", "closed", "closed", "closed", "closed", "closed", "closed", "closed", "closed", "closed", "suspended"]}
{"id": "D:ULT:communion", "peakDb": -8.6, "rmsDb": -27.8, "momentaryDb": -24.9, "activeBlocks": 83, "ctxs": 25, "states": ["running", "closed", "running", "running", "running", "closed", "closed", "running", "running", "closed", "closed", "closed", "closed", "closed", "closed", "closed", "closed", "closed", "closed", "closed", "closed", "closed", "closed", "closed", "running"]}
{"id": "D:ULT:moontwin", "peakDb": -9.2, "rmsDb": -25.6, "momentaryDb": -24.3, "activeBlocks": 33, "ctxs": 26, "states": ["running", "closed", "running", "running", "running", "closed", "closed", "running", "running", "closed", "closed", "closed", "closed", "closed", "closed", "closed", "closed", "closed", "closed", "closed", "closed", "closed", "closed", "closed", "suspended", "running"]}
{"id": "D:PROJ:tiger", "peakDb": -6.8, "rmsDb": -26.9, "momentaryDb": -22.8, "activeBlocks": 25, "ctxs": 27, "states": ["running", "closed", "running", "running", "running", "closed", "closed", "running", "running", "closed", "closed", "closed", "closed", "closed", "closed", "closed", "closed", "closed", "closed", "closed", "closed", "closed", "closed", "closed", "closed", "suspended", "closed"]}
{"id": "C:F_PROJ:pla", "peakDb": -7.2, "rmsDb": -26.0, "momentaryDb": -23.1, "activeBlocks": 39, "ctxs": 27, "states": ["running", "closed", "running", "running", "running", "closed", "closed", "running", "running", "closed", "closed", "closed", "closed", "closed", "closed", "closed", "closed", "closed", "closed", "closed", "closed", "closed", "closed", "closed", "closed", "closed", "closed"]}
{"id": "C:F_PROJ:tim", "peakDb": -6.5, "rmsDb": -27.9, "momentaryDb": -22.9, "activeBlocks": 50, "ctxs": 27, "states": ["running", "closed", "running", "running", "running", "closed", "closed", "running", "running", "closed", "closed", "closed", "closed", "closed", "closed", "closed", "closed", "closed", "closed", "closed", "closed", "closed", "closed", "closed", "closed", "closed", "closed"]}
{"id": "C:F_PROJ:rft", "peakDb": -9.1, "rmsDb": -24.4, "momentaryDb": -24.0, "activeBlocks": 60, "ctxs": 27, "states": ["running", "closed", "running", "running", "running", "closed", "closed", "running", "running", "closed", "closed", "closed", "closed", "closed", "closed", "closed", "closed", "closed", "closed", "closed", "closed", "closed", "closed", "closed", "closed", "closed", "closed"]}
{"id": "C:F_PROJ:voidweave", "peakDb": -8.8, "rmsDb": -23.3, "momentaryDb": -23.0, "activeBlocks": 41, "ctxs": 27, "states": ["running", "closed", "running", "running", "running", "closed", "closed", "running", "running", "closed", "closed", "closed", "closed", "closed", "closed", "closed", "closed", "closed", "closed", "closed", "closed", "closed", "closed", "closed", "closed", "closed", "closed"]}
{"id": "C:SF_PROJ:frc", "peakDb": -7.3, "rmsDb": -26.5, "momentaryDb": -22.2, "activeBlocks": 39, "ctxs": 27, "states": ["running", "closed", "running", "running", "running", "closed", "closed", "running", "running", "closed", "closed", "closed", "closed", "closed", "closed", "closed", "closed", "closed", "closed", "closed", "closed", "closed", "closed", "closed", "closed", "closed", "closed"]}
{"id": "C:EXT_PROJ:drill", "peakDb": -7.2, "rmsDb": -32.0, "momentaryDb": -23.1, "activeBlocks": 108, "ctxs": 27, "states": ["running", "closed", "running", "running", "running", "closed", "closed", "running", "running", "closed", "closed", "closed", "closed", "closed", "closed", "closed", "closed", "closed", "closed", "closed", "closed", "closed", "closed", "closed", "closed", "closed", "closed"]}
{"id": "D:PROJ:blink", "peakDb": -11.0, "rmsDb": -27.6, "momentaryDb": -29.8, "activeBlocks": 11, "ctxs": 28, "states": ["running", "closed", "running", "running", "running", "closed", "closed", "running", "running", "closed", "closed", "closed", "closed", "closed", "closed", "closed", "closed", "closed", "closed", "closed", "closed", "closed", "closed", "closed", "closed", "closed", "closed", "suspended"]}
{"id": "MC-03", "peakDb": -13.0, "rmsDb": -20.2, "momentaryDb": -22.7, "activeBlocks": 45, "ctxs": 28, "states": ["running", "closed", "running", "running", "running", "closed", "closed", "running", "running", "closed", "closed", "closed", "closed", "closed", "closed", "closed", "closed", "closed", "closed", "closed", "closed", "closed", "closed", "closed", "closed", "closed", "closed", "closed"]}
{"id": "AS-08", "peakDb": -5.7, "rmsDb": -21.7, "momentaryDb": -22.8, "activeBlocks": 24, "ctxs": 28, "states": ["running", "closed", "running", "running", "running", "closed", "closed", "running", "running", "closed", "closed", "closed", "closed", "closed", "closed", "closed", "closed", "closed", "closed", "closed", "closed", "closed", "closed", "closed", "closed", "closed", "closed", "closed"]}
{"id": "FX-160", "peakDb": -9.6, "rmsDb": -25.5, "momentaryDb": -22.7, "activeBlocks": 56, "ctxs": 28, "states": ["running", "closed", "running", "running", "running", "closed", "closed", "running", "running", "closed", "closed", "closed", "closed", "closed", "closed", "closed", "closed", "closed", "closed", "closed", "closed", "closed", "closed", "closed", "closed", "closed", "closed", "closed"]}
{"id": "D:PROJ:seoeung", "peakDb": -7.9, "rmsDb": -27.4, "momentaryDb": -22.7, "activeBlocks": 40, "ctxs": 29, "states": ["running", "closed", "running", "running", "running", "closed", "closed", "running", "running", "closed", "closed", "closed", "closed", "closed", "closed", "closed", "closed", "closed", "closed", "closed", "closed", "closed", "closed", "closed", "closed", "closed", "closed", "closed", "running"]}
