total ids 501, this shard 84
{"id": "MC-04", "peakDb": -10.7, "rmsDb": -29.0, "momentaryDb": -22.9, "activeBlocks": 113, "ctxs": 1, "states": ["running"]}
{"id": "GS-rift", "peakDb": -4.2, "rmsDb": -13.5, "momentaryDb": -13.5, "activeBlocks": 118, "ctxs": 2, "states": ["running", "running"]}
{"id": "C:EXT_STRUCT:auroraAltar", "peakDb": -9.3, "rmsDb": -27.5, "momentaryDb": -17.3, "activeBlocks": 207, "ctxs": 3, "states": ["running", "running", "running"]}
{"id": "VA:astral_bloom", "peakDb": -8.5, "rmsDb": -26.6, "momentaryDb": -19.9, "activeBlocks": 163, "ctxs": 4, "states": ["running", "running", "running", "running"]}
{"id": "FX-10", "peakDb": -1.5, "rmsDb": -21.7, "momentaryDb": -15.6, "activeBlocks": 80, "ctxs": 4, "states": ["running", "running", "running", "running"]}
{"id": "AC-01", "peakDb": -9.5, "rmsDb": -27.1, "momentaryDb": -24.1, "activeBlocks": 43, "ctxs": 4, "states": ["running", "running", "running", "running"]}
{"id": "V5-06", "peakDb": -21.0, "rmsDb": -35.3, "momentaryDb": -33.4, "activeBlocks": 118, "ctxs": 4, "states": ["running", "running", "running", "running"]}
{"id": "FX-141", "peakDb": -9.0, "rmsDb": -26.5, "momentaryDb": -22.1, "activeBlocks": 129, "ctxs": 5, "states": ["running", "running", "running", "running", "running"]}
{"id": "CURSE-01", "peakDb": -11.6, "rmsDb": -25.9, "momentaryDb": -23.9, "activeBlocks": 122, "ctxs": 5, "states": ["running", "running", "running", "running", "running"]}
{"id": "GS-thermo", "peakDb": -3.0, "rmsDb": -18.0, "momentaryDb": -15.9, "activeBlocks": 188, "ctxs": 5, "states": ["running", "running", "running", "running", "running"]}
{"id": "GS-fan", "peakDb": -5.6, "rmsDb": -28.2, "momentaryDb": -25.2, "activeBlocks": 124, "ctxs": 5, "states": ["running", "running", "running", "running", "running"]}
{"id": "GS-tsunami", "peakDb": -4.3, "rmsDb": -19.5, "momentaryDb": -17.2, "activeBlocks": 121, "ctxs": 5, "states": ["running", "running", "running", "running", "running"]}
{"id": "GS-tempest", "peakDb": -12.8, "rmsDb": -30.9, "momentaryDb": -30.5, "activeBlocks": 122, "ctxs": 5, "states": ["running", "running", "running", "running", "running"]}
{"id": "D:ULT:mirror", "peakDb": -7.5, "rmsDb": -34.6, "momentaryDb": -24.8, "activeBlocks": 182, "ctxs": 6, "states": ["running", "running", "running", "running", "running", "closed"]}
{"id": "D:ULT:gravityflip", "peakDb": -8.1, "rmsDb": -24.0, "momentaryDb": -25.2, "activeBlocks": 111, "ctxs": 7, "states": ["running", "running", "running", "running", "running", "closed", "closed"]}
{"id": "C:F_STRUCT:talisman", "peakDb": -10.7, "rmsDb": -30.6, "momentaryDb": -25.1, "activeBlocks": 117, "ctxs": 7, "states": ["running", "running", "running", "running", "running", "closed", "closed"]}
{"id": "C:SF_STRUCT:tsl", "peakDb": -23.6, "rmsDb": -43.2, "momentaryDb": -41.0, "activeBlocks": 122, "ctxs": 7, "states": ["running", "running", "running", "running", "running", "closed", "closed"]}
{"id": "C:EXT_STRUCT:chiral", "peakDb": -19.8, "rmsDb": -37.6, "momentaryDb": -37.2, "activeBlocks": 122, "ctxs": 7, "states": ["running", "running", "running", "running", "running", "closed", "closed"]}
{"id": "CH:storm", "peakDb": -6.2, "rmsDb": -25.8, "momentaryDb": -19.2, "activeBlocks": 149, "ctxs": 8, "states": ["running", "running", "running", "running", "running", "closed", "closed", "running"]}
{"id": "CH:jade", "peakDb": -8.3, "rmsDb": -24.3, "momentaryDb": -24.2, "activeBlocks": 117, "ctxs": 8, "states": ["running", "running", "running", "running", "running", "closed", "closed", "running"]}
{"id": "CH:obang", "peakDb": -10.0, "rmsDb": -24.7, "momentaryDb": -27.0, "activeBlocks": 121, "ctxs": 8, "states": ["running", "running", "running", "running", "running", "closed", "closed", "running"]}
{"id": "CH:galaxy", "peakDb": -8.2, "rmsDb": -24.3, "momentaryDb": -21.1, "activeBlocks": 122, "ctxs": 8, "states": ["running", "running", "running", "running", "running", "closed", "closed", "running"]}
{"id": "VA:arcane_seal", "peakDb": -6.8, "rmsDb": -24.5, "momentaryDb": -22.5, "activeBlocks": 164, "ctxs": 8, "states": ["running", "running", "running", "running", "running", "closed", "closed", "running"]}
{"id": "VA:rime_bloom", "peakDb": -7.9, "rmsDb": -28.1, "momentaryDb": -23.2, "activeBlocks": 122, "ctxs": 8, "states": ["running", "running", "running", "running", "running", "closed", "closed", "running"]}
{"id": "RJ:crystal_bloom", "peakDb": -5.4, "rmsDb": -32.9, "momentaryDb": -24.2, "activeBlocks": 124, "ctxs": 8, "states": ["running", "running", "running", "running", "running", "closed", "closed", "running"]}
{"id": "FX-29", "peakDb": -7.7, "rmsDb": -34.5, "momentaryDb": -29.0, "activeBlocks": 65, "ctxs": 8, "states": ["running", "running", "running", "running", "running", "closed", "closed", "running"]}
{"id": "SC-01", "peakDb": -5.2, "rmsDb": -15.8, "momentaryDb": -16.0, "activeBlocks": 25, "ctxs": 8, "states": ["running", "running", "running", "running", "running", "closed", "closed", "running"]}
{"id": "FX-21", "peakDb": -17.9, "rmsDb": -32.7, "momentaryDb": -32.1, "activeBlocks": 118, "ctxs": 8, "states": ["running", "running", "running", "running", "running", "closed", "closed", "running"]}
{"id": "AC-02", "peakDb": -4.9, "rmsDb": -12.5, "momentaryDb": -17.8, "activeBlocks": 38, "ctxs": 8, "states": ["running", "running", "running", "running", "running", "closed", "closed", "running"]}
{"id": "INT-05", "peakDb": -10.0, "rmsDb": -19.7, "momentaryDb": -21.4, "activeBlocks": 104, "ctxs": 8, "states": ["running", "running", "running", "running", "running", "closed", "closed", "running"]}
{"id": "V5-05", "peakDb": -15.4, "rmsDb": -34.3, "momentaryDb": -32.7, "activeBlocks": 118, "ctxs": 8, "states": ["running", "running", "running", "running", "running", "closed", "closed", "running"]}
{"id": "FX-30-L", "peakDb": -8.8, "rmsDb": -26.1, "momentaryDb": -24.6, "activeBlocks": 20, "ctxs": 8, "states": ["running", "running", "running", "running", "running", "closed", "closed", "running"]}
{"id": "FX-158", "peakDb": -9.9, "rmsDb": -26.4, "momentaryDb": -23.7, "activeBlocks": 35, "ctxs": 8, "states": ["running", "running", "running", "running", "running", "closed", "closed", "running"]}
{"id": "FX-88", "peakDb": -8.4, "rmsDb": -28.4, "momentaryDb": -22.8, "activeBlocks": 67, "ctxs": 8, "states": ["running", "running", "running", "running", "running", "closed", "closed", "running"]}
{"id": "GS-miura", "peakDb": -3.3, "rmsDb": -27.8, "momentaryDb": -18.9, "activeBlocks": 107, "ctxs": 8, "states": ["running", "running", "running", "running", "running", "closed", "closed", "running"]}
{"id": "GS-frost", "peakDb": -2.8, "rmsDb": -28.6, "momentaryDb": -23.7, "activeBlocks": 122, "ctxs": 8, "states": ["running", "running", "running", "running", "running", "closed", "closed", "running"]}
{"id": "GS-chrono", "peakDb": -4.9, "rmsDb": -24.5, "momentaryDb": -20.3, "activeBlocks": 121, "ctxs": 8, "states": ["running", "running", "running", "running", "running", "closed", "closed", "running"]}
{"id": "D:STRUCT:fountain", "peakDb": -17.7, "rmsDb": -36.3, "momentaryDb": -33.6, "activeBlocks": 102, "ctxs": 9, "states": ["running", "running", "running", "running", "running", "closed", "closed", "running", "running"]}
{"id": "D:STRUCT:lunar", "peakDb": -20.9, "rmsDb": -37.7, "momentaryDb": -35.4, "activeBlocks": 32, "ctxs": 10, "states": ["running", "running", "running", "running", "running", "closed", "closed", "running", "closed", "running"]}
{"id": "D:PROJ:nebula", "peakDb": -12.5, "rmsDb": -30.2, "momentaryDb": -27.5, "activeBlocks": 19, "ctxs": 11, "states": ["running", "running", "running", "running", "running", "closed", "closed", "running", "closed", "closed", "suspended"]}
{"id": "D:PROJ:lance", "peakDb": -26.8, "rmsDb": -37.4, "momentaryDb": -43.9, "activeBlocks": 2, "ctxs": 12, "states": ["running", "running", "running", "running", "running", "closed", "closed", "running", "closed", "closed", "closed", "suspended"]}
{"id": "D:PROJ:lightchain", "peakDb": -25.6, "rmsDb": -39.7, "momentaryDb": -39.1, "activeBlocks": 62, "ctxs": 13, "states": ["running", "running", "running", "running", "running", "closed", "closed", "running", "closed", "closed", "closed", "closed", "suspended"]}
{"id": "D:ULT:resonance", "peakDb": -8.6, "rmsDb": -32.0, "momentaryDb": -24.6, "activeBlocks": 85, "ctxs": 14, "states": ["running", "running", "running", "running", "running", "closed", "closed", "running", "closed", "closed", "closed", "closed", "closed", "running"]}
{"id": "D:ULT:boltstrike", "peakDb": -9.2, "rmsDb": -33.5, "momentaryDb": -28.7, "activeBlocks": 70, "ctxs": 15, "states": ["running", "running", "running", "running", "running", "closed", "closed", "running", "closed", "closed", "closed", "closed", "closed", "suspended", "running"]}
{"id": "D:ULT:eclipse", "peakDb": -15.1, "rmsDb": -35.3, "momentaryDb": -32.8, "activeBlocks": 58, "ctxs": 16, "states": ["running", "running", "running", "running", "running", "closed", "closed", "running", "closed", "closed", "closed", "closed", "closed", "closed", "suspended", "running"]}
{"id": "D:ULT:binghwajin", "peakDb": -19.7, "rmsDb": -38.8, "momentaryDb": -39.2, "activeBlocks": 115, "ctxs": 17, "states": ["running", "running", "running", "running", "running", "closed", "closed", "running", "closed", "closed", "closed", "closed", "closed", "closed", "closed", "suspended", "closed"]}
{"id": "C:F_PROJ:dat", "peakDb": -5.8, "rmsDb": -24.9, "momentaryDb": -23.6, "activeBlocks": 23, "ctxs": 17, "states": ["running", "running", "running", "running", "running", "closed", "closed", "running", "closed", "closed", "closed", "closed", "closed", "closed", "closed", "closed", "closed"]}
{"id": "C:F_PROJ:sing", "peakDb": -0.1, "rmsDb": -15.4, "momentaryDb": -14.0, "activeBlocks": 99, "ctxs": 17, "states": ["running", "running", "running", "running", "running", "closed", "closed", "running", "closed", "closed", "closed", "closed", "closed", "closed", "closed", "closed", "closed"]}
{"id": "C:SF_PROJ:mtr", "peakDb": -2.3, "rmsDb": -22.5, "momentaryDb": -18.5, "activeBlocks": 40, "ctxs": 17, "states": ["running", "running", "running", "running", "running", "closed", "closed", "running", "closed", "closed", "closed", "closed", "closed", "closed", "closed", "closed", "closed"]}
{"id": "C:SF_STRUCT:nfn", "peakDb": -31.4, "rmsDb": -50.6, "momentaryDb": -45.1, "activeBlocks": 117, "ctxs": 17, "states": ["running", "running", "running", "running", "running", "closed", "closed", "running", "closed", "closed", "closed", "closed", "closed", "closed", "closed", "closed", "closed"]}
{"id": "C:FB_STRUCT:organ", "peakDb": -17.8, "rmsDb": -36.9, "momentaryDb": -36.2, "activeBlocks": 121, "ctxs": 17, "states": ["running", "running", "running", "running", "running", "closed", "closed", "running", "closed", "closed", "closed", "closed", "closed", "closed", "closed", "closed", "closed"]}
{"id": "C:EXT_PROJ:split", "peakDb": -15.5, "rmsDb": -41.6, "momentaryDb": -33.4, "activeBlocks": 98, "ctxs": 17, "states": ["running", "running", "running", "running", "running", "closed", "closed", "running", "closed", "closed", "closed", "closed", "closed", "closed", "closed", "closed", "closed"]}
{"id": "CH:chronos", "peakDb": -7.1, "rmsDb": -24.9, "momentaryDb": -22.7, "activeBlocks": 118, "ctxs": 17, "states": ["running", "running", "running", "running", "running", "closed", "closed", "running", "closed", "closed", "closed", "closed", "closed", "closed", "closed", "closed", "closed"]}
{"id": "CH:relay", "peakDb": -7.3, "rmsDb": -26.3, "momentaryDb": -20.8, "activeBlocks": 121, "ctxs": 17, "states": ["running", "running", "running", "running", "running", "closed", "closed", "running", "closed", "closed", "closed", "closed", "closed", "closed", "closed", "closed", "closed"]}
{"id": "VA:combo_ladder", "peakDb": -8.2, "rmsDb": -26.3, "momentaryDb": -22.0, "activeBlocks": 151, "ctxs": 17, "states": ["running", "running", "running", "running", "running", "closed", "closed", "running", "closed", "closed", "closed", "closed", "closed", "closed", "closed", "closed", "closed"]}
{"id": "RJ:demon_gate", "peakDb": -8.4, "rmsDb": -33.3, "momentaryDb": -24.8, "activeBlocks": 122, "ctxs": 17, "states": ["running", "running", "running", "running", "running", "closed", "closed", "running", "closed", "closed", "closed", "closed", "closed", "closed", "closed", "closed", "closed"]}
{"id": "FX-16", "peakDb": -2.6, "rmsDb": -15.9, "momentaryDb": -15.5, "activeBlocks": 70, "ctxs": 17, "states": ["running", "running", "running", "running", "running", "closed", "closed", "running", "closed", "closed", "closed", "closed", "closed", "closed", "closed", "closed", "closed"]}
{"id": "FX-27", "peakDb": -2.1, "rmsDb": -20.9, "momentaryDb": -17.9, "activeBlocks": 37, "ctxs": 17, "states": ["running", "running", "running", "running", "running", "closed", "closed", "running", "closed", "closed", "closed", "closed", "closed", "closed", "closed", "closed", "closed"]}
{"id": "FX-01", "peakDb": -3.5, "rmsDb": -20.5, "momentaryDb": -21.3, "activeBlocks": 30, "ctxs": 17, "states": ["running", "running", "running", "running", "running", "closed", "closed", "running", "closed", "closed", "closed", "closed", "closed", "closed", "closed", "closed", "closed"]}
{"id": "SC-05", "peakDb": -25.6, "rmsDb": -47.0, "momentaryDb": -50.6, "activeBlocks": 12, "ctxs": 17, "states": ["running", "running", "running", "running", "running", "closed", "closed", "running", "closed", "closed", "closed", "closed", "closed", "closed", "closed", "closed", "closed"]}
{"id": "NV-11", "peakDb": -10.8, "rmsDb": -25.2, "momentaryDb": -26.6, "activeBlocks": 31, "ctxs": 17, "states": ["running", "running", "running", "running", "running", "closed", "closed", "running", "closed", "closed", "closed", "closed", "closed", "closed", "closed", "closed", "closed"]}
{"id": "FX-111", "peakDb": -10.5, "rmsDb": -32.3, "momentaryDb": -24.4, "activeBlocks": 118, "ctxs": 17, "states": ["running", "running", "running", "running", "running", "closed", "closed", "running", "closed", "closed", "closed", "closed", "closed", "closed", "closed", "closed", "closed"]}
{"id": "FX-154", "peakDb": -19.1, "rmsDb": -31.8, "momentaryDb": -32.7, "activeBlocks": 92, "ctxs": 17, "states": ["running", "running", "running", "running", "running", "closed", "closed", "running", "closed", "closed", "closed", "closed", "closed", "closed", "closed", "closed", "closed"]}
{"id": "FX-156", "peakDb": -15.0, "rmsDb": -31.2, "momentaryDb": -30.1, "activeBlocks": 84, "ctxs": 17, "states": ["running", "running", "running", "running", "running", "closed", "closed", "running", "closed", "closed", "closed", "closed", "closed", "closed", "closed", "closed", "closed"]}
{"id": "D:PROJ:birdtrail", "peakDb": -16.6, "rmsDb": -35.4, "momentaryDb": -32.1, "activeBlocks": 24, "ctxs": 18, "states": ["running", "running", "running", "running", "running", "closed", "closed", "running", "closed", "closed", "closed", "closed", "closed", "closed", "closed", "closed", "closed", "suspended"]}
{"id": "D:PROJ:flamelance", "peakDb": -18.5, "rmsDb": -39.9, "momentaryDb": -37.8, "activeBlocks": 20, "ctxs": 19, "states": ["running", "running", "running", "running", "running", "closed", "closed", "running", "closed", "closed", "closed", "closed", "closed", "closed", "closed", "closed", "closed", "closed", "running"]}
{"id": "D:PROJ:umbral", "peakDb": -10.4, "rmsDb": -29.0, "momentaryDb": -25.4, "activeBlocks": 28, "ctxs": 20, "states": ["running", "running", "running", "running", "running", "closed", "closed", "running", "closed", "closed", "closed", "closed", "closed", "closed", "closed", "closed", "closed", "closed", "suspended", "suspended"]}
{"id": "D:PROJ:torrent", "peakDb": -25.1, "rmsDb": -39.9, "momentaryDb": -41.6, "activeBlocks": 17, "ctxs": 21, "states": ["running", "running", "running", "running", "running", "closed", "closed", "running", "closed", "closed", "closed", "closed", "closed", "closed", "closed", "closed", "closed", "closed", "closed", "closed", "suspended"]}
{"id": "D:PROJ:nethermoth", "peakDb": -27.0, "rmsDb": -43.4, "momentaryDb": -43.4, "activeBlocks": 17, "ctxs": 22, "states": ["running", "running", "running", "running", "running", "closed", "closed", "running", "closed", "closed", "closed", "closed", "closed", "closed", "closed", "closed", "closed", "closed", "closed", "closed", "closed", "suspended"]}
{"id": "D:PROJ:guardian", "peakDb": -20.4, "rmsDb": -36.7, "momentaryDb": -35.2, "activeBlocks": 50, "ctxs": 23, "states": ["running", "running", "running", "running", "running", "closed", "closed", "running", "closed", "closed", "closed", "closed", "closed", "closed", "closed", "closed", "closed", "closed", "closed", "closed", "closed", "closed", "running"]}
{"id": "D:ULT:nightmare", "peakDb": -12.0, "rmsDb": -31.3, "momentaryDb": -26.9, "activeBlocks": 60, "ctxs": 24, "states": ["running", "running", "running", "running", "running", "closed", "closed", "running", "closed", "closed", "closed", "closed", "closed", "closed", "closed", "closed", "closed", "closed", "closed", "closed", "closed", "closed", "suspended", "running"]}
{"id": "D:ULT:dokkaebibul", "peakDb": -10.2, "rmsDb": -33.9, "momentaryDb": -31.6, "activeBlocks": 77, "ctxs": 25, "states": ["running", "running", "running", "running", "running", "closed", "closed", "running", "closed", "closed", "closed", "closed", "closed", "closed", "closed", "closed", "closed", "closed", "closed", "closed", "closed", "closed", "closed", "suspended", "suspended"]}
{"id": "C:F_PROJ:arc", "peakDb": -3.3, "rmsDb": -23.9, "momentaryDb": -21.8, "activeBlocks": 27, "ctxs": 25, "states": ["running", "running", "running", "running", "running", "closed", "closed", "running", "closed", "closed", "closed", "closed", "closed", "closed", "closed", "closed", "closed", "closed", "closed", "closed", "closed", "closed", "closed", "closed", "closed"]}
{"id": "C:F_PROJ:elc", "peakDb": -3.3, "rmsDb": -22.3, "momentaryDb": -16.8, "activeBlocks": 42, "ctxs": 25, "states": ["running", "running", "running", "running", "running", "closed", "closed", "running", "closed", "closed", "closed", "closed", "closed", "closed", "closed", "closed", "closed", "closed", "closed", "closed", "closed", "closed", "closed", "closed", "closed"]}
{"id": "C:F_PROJ:wnd", "peakDb": -5.8, "rmsDb": -27.5, "momentaryDb": -23.0, "activeBlocks": 30, "ctxs": 25, "states": ["running", "running", "running", "running", "running", "closed", "closed", "running", "closed", "closed", "closed", "closed", "closed", "closed", "closed", "closed", "closed", "closed", "closed", "closed", "closed", "closed", "closed", "closed", "closed"]}
{"id": "C:F_PROJ:tess", "peakDb": -0.8, "rmsDb": -20.2, "momentaryDb": -16.4, "activeBlocks": 85, "ctxs": 25, "states": ["running", "running", "running", "running", "running", "closed", "closed", "running", "closed", "closed", "closed", "closed", "closed", "closed", "closed", "closed", "closed", "closed", "closed", "closed", "closed", "closed", "closed", "closed", "closed"]}
{"id": "C:F_PROJ:graviton", "peakDb": -4.1, "rmsDb": -20.5, "momentaryDb": -18.3, "activeBlocks": 73, "ctxs": 25, "states": ["running", "running", "running", "running", "running", "closed", "closed", "running", "closed", "closed", "closed", "closed", "closed", "closed", "closed", "closed", "closed", "closed", "closed", "closed", "closed", "closed", "closed", "closed", "closed"]}
{"id": "C:SF_PROJ:qsr", "peakDb": -5.0, "rmsDb": -20.1, "momentaryDb": -19.1, "activeBlocks": 73, "ctxs": 25, "states": ["running", "running", "running", "running", "running", "closed", "closed", "running", "closed", "closed", "closed", "closed", "closed", "closed", "closed", "closed", "closed", "closed", "closed", "closed", "closed", "closed", "closed", "closed", "closed"]}
{"id": "C:EXT_PROJ:ribbon", "peakDb": -16.2, "rmsDb": -45.2, "momentaryDb": -38.2, "activeBlocks": 98, "ctxs": 25, "states": ["running", "running", "running", "running", "running", "closed", "closed", "running", "closed", "closed", "closed", "closed", "closed", "closed", "closed", "closed", "closed", "closed", "closed", "closed", "closed", "closed", "closed", "closed", "closed"]}
{"id": "D:ULT:myeongjul", "peakDb": -28.0, "rmsDb": -45.7, "momentaryDb": -43.9, "activeBlocks": 36, "ctxs": 26, "states": ["running", "running", "running", "running", "running", "closed", "closed", "running", "closed", "closed", "closed", "closed", "closed", "closed", "closed", "closed", "closed", "closed", "closed", "closed", "closed", "closed", "closed", "closed", "closed", "suspended"]}
{"id": "AS-01", "peakDb": -3.9, "rmsDb": -21.1, "momentaryDb": -18.7, "activeBlocks": 17, "ctxs": 26, "states": ["running", "running", "running", "running", "running", "closed", "closed", "running", "closed", "closed", "closed", "closed", "closed", "closed", "closed", "closed", "closed", "closed", "closed", "closed", "closed", "closed", "closed", "closed", "closed", "closed"]}
{"id": "FX-23", "peakDb": -2.2, "rmsDb": -15.6, "momentaryDb": -16.3, "activeBlocks": 45, "ctxs": 26, "states": ["running", "running", "running", "running", "running", "closed", "closed", "running", "closed", "closed", "closed", "closed", "closed", "closed", "closed", "closed", "closed", "closed", "closed", "closed", "closed", "closed", "closed", "closed", "closed", "closed"]}
{"id": "FX-103", "peakDb": -2.3, "rmsDb": -21.7, "momentaryDb": -16.7, "activeBlocks": 98, "ctxs": 26, "states": ["running", "running", "running", "running", "running", "closed", "closed", "running", "closed", "closed", "closed", "closed", "closed", "closed", "closed", "closed", "closed", "closed", "closed", "closed", "closed", "closed", "closed", "closed", "closed", "closed"]}
{"id": "D:ULT:web", "peakDb": -23.2, "rmsDb": -39.2, "momentaryDb": -37.6, "activeBlocks": 39, "ctxs": 27, "states": ["running", "running", "running", "running", "running", "closed", "closed", "running", "closed", "closed", "closed", "closed", "closed", "closed", "closed", "closed", "closed", "closed", "closed", "closed", "closed", "closed", "closed", "closed", "closed", "closed", "closed"]}
