total ids 501, this shard 84
{"id": "INT-08", "peakDb": -3.5, "rmsDb": -24.9, "momentaryDb": -24.5, "activeBlocks": 11, "ctxs": 1, "states": ["running"]}
{"id": "GS-polytope", "peakDb": -8.2, "rmsDb": -25.5, "momentaryDb": -22.7, "activeBlocks": 118, "ctxs": 2, "states": ["running", "running"]}
{"id": "CH:prism", "peakDb": -9.1, "rmsDb": -26.4, "momentaryDb": -22.7, "activeBlocks": 196, "ctxs": 3, "states": ["running", "running", "running"]}
{"id": "VA:kraken_reach", "peakDb": -9.7, "rmsDb": -30.3, "momentaryDb": -22.5, "activeBlocks": 152, "ctxs": 4, "states": ["running", "running", "running", "running"]}
{"id": "FX-17", "peakDb": -12.0, "rmsDb": -26.2, "momentaryDb": -24.3, "activeBlocks": 45, "ctxs": 4, "states": ["running", "running", "running", "running"]}
{"id": "AS-03", "peakDb": -12.3, "rmsDb": -25.9, "momentaryDb": -23.1, "activeBlocks": 114, "ctxs": 4, "states": ["running", "running", "running", "running"]}
{"id": "ARC-21", "peakDb": -6.8, "rmsDb": -25.6, "momentaryDb": -23.2, "activeBlocks": 71, "ctxs": 5, "states": ["running", "running", "running", "running", "running"]}
{"id": "NX-05", "peakDb": -7.7, "rmsDb": -31.1, "momentaryDb": -22.6, "activeBlocks": 118, "ctxs": 5, "states": ["running", "running", "running", "running", "running"]}
{"id": "GS-vortexring", "peakDb": -10.7, "rmsDb": -27.2, "momentaryDb": -22.7, "activeBlocks": 88, "ctxs": 5, "states": ["running", "running", "running", "running", "running"]}
{"id": "GS-mirv", "peakDb": -6.6, "rmsDb": -28.5, "momentaryDb": -25.7, "activeBlocks": 123, "ctxs": 5, "states": ["running", "running", "running", "running", "running"]}
{"id": "GS-arsenal", "peakDb": -4.0, "rmsDb": -26.0, "momentaryDb": -23.4, "activeBlocks": 124, "ctxs": 5, "states": ["running", "running", "running", "running", "running"]}
{"id": "GS-horizon", "peakDb": -10.9, "rmsDb": -17.5, "momentaryDb": -22.2, "activeBlocks": 123, "ctxs": 5, "states": ["running", "running", "running", "running", "running"]}
{"id": "GS-judge", "peakDb": -5.0, "rmsDb": -23.1, "momentaryDb": -22.6, "activeBlocks": 124, "ctxs": 5, "states": ["running", "running", "running", "running", "running"]}
{"id": "D:ULT:ascend", "peakDb": -8.4, "rmsDb": -32.6, "momentaryDb": -23.6, "activeBlocks": 204, "ctxs": 6, "states": ["running", "running", "running", "running", "running", "running"]}
{"id": "D:PROJ:cheoyong", "peakDb": -13.3, "rmsDb": -33.2, "momentaryDb": -33.6, "activeBlocks": 122, "ctxs": 7, "states": ["running", "running", "running", "running", "running", "closed", "running"]}
{"id": "C:F_STRUCT:turret", "peakDb": -0.8, "rmsDb": -29.7, "momentaryDb": -25.2, "activeBlocks": 122, "ctxs": 8, "states": ["running", "running", "running", "running", "running", "closed", "closed", "running"]}
{"id": "C:SF_STRUCT:msd", "peakDb": -5.6, "rmsDb": -29.5, "momentaryDb": -22.6, "activeBlocks": 122, "ctxs": 8, "states": ["running", "running", "running", "running", "running", "closed", "closed", "running"]}
{"id": "C:EXT_STRUCT:auroraCurtain", "peakDb": -12.0, "rmsDb": -26.4, "momentaryDb": -27.6, "activeBlocks": 123, "ctxs": 8, "states": ["running", "running", "running", "running", "running", "closed", "closed", "running"]}
{"id": "CH:kintsugi", "peakDb": -6.5, "rmsDb": -26.5, "momentaryDb": -22.7, "activeBlocks": 162, "ctxs": 8, "states": ["running", "running", "running", "running", "running", "closed", "closed", "running"]}
{"id": "CH:matrix", "peakDb": -8.8, "rmsDb": -26.7, "momentaryDb": -22.2, "activeBlocks": 123, "ctxs": 8, "states": ["running", "running", "running", "running", "running", "closed", "closed", "running"]}
{"id": "CH:chladni", "peakDb": -8.0, "rmsDb": -26.1, "momentaryDb": -22.6, "activeBlocks": 123, "ctxs": 8, "states": ["running", "running", "running", "running", "running", "closed", "closed", "running"]}
{"id": "CH:twin", "peakDb": -8.7, "rmsDb": -26.7, "momentaryDb": -23.1, "activeBlocks": 124, "ctxs": 8, "states": ["running", "running", "running", "running", "running", "closed", "closed", "running"]}
{"id": "VA:crimson_maelstrom", "peakDb": -9.7, "rmsDb": -26.6, "momentaryDb": -22.6, "activeBlocks": 158, "ctxs": 8, "states": ["running", "running", "running", "running", "running", "closed", "closed", "running"]}
{"id": "VA:nine_tail_veil", "peakDb": -8.7, "rmsDb": -28.5, "momentaryDb": -23.3, "activeBlocks": 124, "ctxs": 8, "states": ["running", "running", "running", "running", "running", "closed", "closed", "running"]}
{"id": "RJ:tectonic_fury", "peakDb": -7.9, "rmsDb": -29.6, "momentaryDb": -21.3, "activeBlocks": 111, "ctxs": 8, "states": ["running", "running", "running", "running", "running", "closed", "closed", "running"]}
{"id": "FX-30", "peakDb": -2.8, "rmsDb": -22.5, "momentaryDb": -22.4, "activeBlocks": 106, "ctxs": 8, "states": ["running", "running", "running", "running", "running", "closed", "closed", "running"]}
{"id": "SC-04", "peakDb": -4.3, "rmsDb": -20.4, "momentaryDb": -22.5, "activeBlocks": 24, "ctxs": 8, "states": ["running", "running", "running", "running", "running", "closed", "closed", "running"]}
{"id": "FX-22", "peakDb": -8.4, "rmsDb": -24.0, "momentaryDb": -23.0, "activeBlocks": 117, "ctxs": 8, "states": ["running", "running", "running", "running", "running", "closed", "closed", "running"]}
{"id": "AS-06", "peakDb": -7.4, "rmsDb": -30.7, "momentaryDb": -22.7, "activeBlocks": 59, "ctxs": 8, "states": ["running", "running", "running", "running", "running", "closed", "closed", "running"]}
{"id": "INT-10", "peakDb": -7.3, "rmsDb": -26.8, "momentaryDb": -22.6, "activeBlocks": 30, "ctxs": 8, "states": ["running", "running", "running", "running", "running", "closed", "closed", "running"]}
{"id": "V5-01", "peakDb": -1.9, "rmsDb": -22.6, "momentaryDb": -22.9, "activeBlocks": 25, "ctxs": 8, "states": ["running", "running", "running", "running", "running", "closed", "closed", "running"]}
{"id": "INT-08-O", "peakDb": -3.6, "rmsDb": -24.0, "momentaryDb": -28.3, "activeBlocks": 8, "ctxs": 8, "states": ["running", "running", "running", "running", "running", "closed", "closed", "running"]}
{"id": "NX-08", "peakDb": -5.7, "rmsDb": -18.1, "momentaryDb": -22.8, "activeBlocks": 119, "ctxs": 8, "states": ["running", "running", "running", "running", "running", "closed", "closed", "running"]}
{"id": "FX-130", "peakDb": -6.9, "rmsDb": -24.3, "momentaryDb": -22.0, "activeBlocks": 123, "ctxs": 8, "states": ["running", "running", "running", "running", "running", "closed", "closed", "running"]}
{"id": "GS-vacuum", "peakDb": -12.6, "rmsDb": -28.2, "momentaryDb": -24.1, "activeBlocks": 181, "ctxs": 8, "states": ["running", "running", "running", "running", "running", "closed", "closed", "running"]}
{"id": "GS-railgun", "peakDb": -8.0, "rmsDb": -27.2, "momentaryDb": -22.7, "activeBlocks": 122, "ctxs": 8, "states": ["running", "running", "running", "running", "running", "closed", "closed", "running"]}
{"id": "GS-mycel", "peakDb": -12.6, "rmsDb": -28.4, "momentaryDb": -30.9, "activeBlocks": 123, "ctxs": 8, "states": ["running", "running", "running", "running", "running", "closed", "closed", "running"]}
{"id": "D:STRUCT:ward", "peakDb": -18.8, "rmsDb": -39.4, "momentaryDb": -35.1, "activeBlocks": 97, "ctxs": 9, "states": ["running", "running", "running", "running", "running", "closed", "closed", "running", "running"]}
{"id": "D:STRUCT:sanctum", "peakDb": -7.2, "rmsDb": -23.1, "momentaryDb": -21.6, "activeBlocks": 29, "ctxs": 10, "states": ["running", "running", "running", "running", "running", "closed", "closed", "running", "closed", "running"]}
{"id": "D:PROJ:comet", "peakDb": -0.6, "rmsDb": -18.5, "momentaryDb": -15.5, "activeBlocks": 23, "ctxs": 11, "states": ["running", "running", "running", "running", "running", "closed", "closed", "running", "closed", "closed", "running"]}
{"id": "D:PROJ:vortex", "peakDb": -6.7, "rmsDb": -25.8, "momentaryDb": -22.5, "activeBlocks": 39, "ctxs": 12, "states": ["running", "running", "running", "running", "running", "closed", "closed", "running", "closed", "closed", "suspended", "running"]}
{"id": "D:PROJ:daebuk", "peakDb": -7.0, "rmsDb": -24.9, "momentaryDb": -23.1, "activeBlocks": 24, "ctxs": 13, "states": ["running", "running", "running", "running", "running", "closed", "closed", "running", "closed", "closed", "closed", "suspended", "suspended"]}
{"id": "D:ULT:genesis", "peakDb": -17.7, "rmsDb": -31.8, "momentaryDb": -28.9, "activeBlocks": 50, "ctxs": 14, "states": ["running", "running", "running", "running", "running", "closed", "closed", "running", "closed", "closed", "closed", "closed", "closed", "running"]}
{"id": "D:ULT:fireworks", "peakDb": -1.4, "rmsDb": -21.9, "momentaryDb": -22.3, "activeBlocks": 84, "ctxs": 15, "states": ["running", "running", "running", "running", "running", "closed", "closed", "running", "closed", "closed", "closed", "closed", "closed", "suspended", "running"]}
{"id": "D:ULT:mandala", "peakDb": -8.0, "rmsDb": -24.6, "momentaryDb": -22.6, "activeBlocks": 59, "ctxs": 16, "states": ["running", "running", "running", "running", "running", "closed", "closed", "running", "closed", "closed", "closed", "closed", "closed", "closed", "suspended", "running"]}
{"id": "D:ULT:aperture", "peakDb": -3.3, "rmsDb": -30.3, "momentaryDb": -22.2, "activeBlocks": 118, "ctxs": 17, "states": ["running", "running", "running", "running", "running", "closed", "closed", "running", "closed", "closed", "closed", "closed", "closed", "closed", "closed", "suspended", "running"]}
{"id": "C:F_PROJ:irn", "peakDb": -5.5, "rmsDb": -27.7, "momentaryDb": -22.3, "activeBlocks": 40, "ctxs": 17, "states": ["running", "running", "running", "running", "running", "closed", "closed", "running", "closed", "closed", "closed", "closed", "closed", "closed", "closed", "closed", "closed"]}
{"id": "C:F_PROJ:memo", "peakDb": -7.1, "rmsDb": -28.8, "momentaryDb": -22.7, "activeBlocks": 60, "ctxs": 17, "states": ["running", "running", "running", "running", "running", "closed", "closed", "running", "closed", "closed", "closed", "closed", "closed", "closed", "closed", "closed", "closed"]}
{"id": "C:FB_PROJ:bel", "peakDb": -9.2, "rmsDb": -27.9, "momentaryDb": -22.9, "activeBlocks": 118, "ctxs": 17, "states": ["running", "running", "running", "running", "running", "closed", "closed", "running", "closed", "closed", "closed", "closed", "closed", "closed", "closed", "closed", "closed"]}
{"id": "C:SF_STRUCT:snt", "peakDb": -4.0, "rmsDb": -27.6, "momentaryDb": -22.5, "activeBlocks": 123, "ctxs": 17, "states": ["running", "running", "running", "running", "running", "closed", "closed", "running", "closed", "closed", "closed", "closed", "closed", "closed", "closed", "closed", "closed"]}
{"id": "C:EXT_STRUCT:anchor", "peakDb": -8.1, "rmsDb": -28.2, "momentaryDb": -22.4, "activeBlocks": 122, "ctxs": 17, "states": ["running", "running", "running", "running", "running", "closed", "closed", "running", "closed", "closed", "closed", "closed", "closed", "closed", "closed", "closed", "closed"]}
{"id": "C:EXT_PROJ:prism", "peakDb": -6.7, "rmsDb": -31.7, "momentaryDb": -26.2, "activeBlocks": 120, "ctxs": 17, "states": ["running", "running", "running", "running", "running", "closed", "closed", "running", "closed", "closed", "closed", "closed", "closed", "closed", "closed", "closed", "closed"]}
{"id": "CH:requiem", "peakDb": -9.0, "rmsDb": -28.0, "momentaryDb": -22.7, "activeBlocks": 119, "ctxs": 17, "states": ["running", "running", "running", "running", "running", "closed", "closed", "running", "closed", "closed", "closed", "closed", "closed", "closed", "closed", "closed", "closed"]}
{"id": "CH:bubble", "peakDb": -7.0, "rmsDb": -25.0, "momentaryDb": -22.4, "activeBlocks": 122, "ctxs": 17, "states": ["running", "running", "running", "running", "running", "closed", "closed", "running", "closed", "closed", "closed", "closed", "closed", "closed", "closed", "closed", "closed"]}
{"id": "RJ:abyssal_tide", "peakDb": -9.0, "rmsDb": -33.0, "momentaryDb": -24.5, "activeBlocks": 144, "ctxs": 17, "states": ["running", "running", "running", "running", "running", "closed", "closed", "running", "closed", "closed", "closed", "closed", "closed", "closed", "closed", "closed", "closed"]}
{"id": "RJ:mirror_wraith", "peakDb": -7.7, "rmsDb": -32.0, "momentaryDb": -22.6, "activeBlocks": 123, "ctxs": 17, "states": ["running", "running", "running", "running", "running", "closed", "closed", "running", "closed", "closed", "closed", "closed", "closed", "closed", "closed", "closed", "closed"]}
{"id": "FX-03", "peakDb": -1.4, "rmsDb": -26.0, "momentaryDb": -23.0, "activeBlocks": 50, "ctxs": 17, "states": ["running", "running", "running", "running", "running", "closed", "closed", "running", "closed", "closed", "closed", "closed", "closed", "closed", "closed", "closed", "closed"]}
{"id": "FX-33", "peakDb": -2.1, "rmsDb": -23.8, "momentaryDb": -24.1, "activeBlocks": 43, "ctxs": 17, "states": ["running", "running", "running", "running", "running", "closed", "closed", "running", "closed", "closed", "closed", "closed", "closed", "closed", "closed", "closed", "closed"]}
{"id": "ARC-06", "peakDb": -6.8, "rmsDb": -23.2, "momentaryDb": -22.4, "activeBlocks": 34, "ctxs": 17, "states": ["running", "running", "running", "running", "running", "closed", "closed", "running", "closed", "closed", "closed", "closed", "closed", "closed", "closed", "closed", "closed"]}
{"id": "NV-02", "peakDb": -5.7, "rmsDb": -20.9, "momentaryDb": -22.7, "activeBlocks": 34, "ctxs": 17, "states": ["running", "running", "running", "running", "running", "closed", "closed", "running", "closed", "closed", "closed", "closed", "closed", "closed", "closed", "closed", "closed"]}
{"id": "V5-07", "peakDb": -4.4, "rmsDb": -23.5, "momentaryDb": -21.7, "activeBlocks": 27, "ctxs": 17, "states": ["running", "running", "running", "running", "running", "closed", "closed", "running", "closed", "closed", "closed", "closed", "closed", "closed", "closed", "closed", "closed"]}
{"id": "FX-120", "peakDb": -4.1, "rmsDb": -26.6, "momentaryDb": -22.2, "activeBlocks": 118, "ctxs": 17, "states": ["running", "running", "running", "running", "running", "closed", "closed", "running", "closed", "closed", "closed", "closed", "closed", "closed", "closed", "closed", "closed"]}
{"id": "FX-161", "peakDb": -6.8, "rmsDb": -25.0, "momentaryDb": -22.8, "activeBlocks": 69, "ctxs": 17, "states": ["running", "running", "running", "running", "running", "closed", "closed", "running", "closed", "closed", "closed", "closed", "closed", "closed", "closed", "closed", "closed"]}
{"id": "GS-ink", "peakDb": -9.8, "rmsDb": -30.8, "momentaryDb": -30.0, "activeBlocks": 118, "ctxs": 17, "states": ["running", "running", "running", "running", "running", "closed", "closed", "running", "closed", "closed", "closed", "closed", "closed", "closed", "closed", "closed", "closed"]}
{"id": "D:PROJ:solar", "peakDb": -8.8, "rmsDb": -28.0, "momentaryDb": -25.0, "activeBlocks": 127, "ctxs": 18, "states": ["running", "running", "running", "running", "running", "closed", "closed", "running", "closed", "closed", "closed", "closed", "closed", "closed", "closed", "closed", "closed", "running"]}
{"id": "D:PROJ:plague", "peakDb": -7.0, "rmsDb": -26.7, "momentaryDb": -22.5, "activeBlocks": 29, "ctxs": 19, "states": ["running", "running", "running", "running", "running", "closed", "closed", "running", "closed", "closed", "closed", "closed", "closed", "closed", "closed", "closed", "closed", "suspended", "running"]}
{"id": "D:PROJ:magnetar", "peakDb": -4.2, "rmsDb": -25.6, "momentaryDb": -22.5, "activeBlocks": 23, "ctxs": 20, "states": ["running", "running", "running", "running", "running", "closed", "closed", "running", "closed", "closed", "closed", "closed", "closed", "closed", "closed", "closed", "closed", "closed", "suspended", "suspended"]}
{"id": "D:PROJ:blizzard", "peakDb": -8.5, "rmsDb": -31.4, "momentaryDb": -32.7, "activeBlocks": 16, "ctxs": 21, "states": ["running", "running", "running", "running", "running", "closed", "closed", "running", "closed", "closed", "closed", "closed", "closed", "closed", "closed", "closed", "closed", "closed", "closed", "closed", "suspended"]}
{"id": "D:PROJ:chohon", "peakDb": -17.7, "rmsDb": -34.7, "momentaryDb": -34.2, "activeBlocks": 11, "ctxs": 22, "states": ["running", "running", "running", "running", "running", "closed", "closed", "running", "closed", "closed", "closed", "closed", "closed", "closed", "closed", "closed", "closed", "closed", "closed", "closed", "closed", "suspended"]}
{"id": "D:PROJ:hwau", "peakDb": -9.8, "rmsDb": -30.8, "momentaryDb": -31.4, "activeBlocks": 33, "ctxs": 23, "states": ["running", "running", "running", "running", "running", "closed", "closed", "running", "closed", "closed", "closed", "closed", "closed", "closed", "closed", "closed", "closed", "closed", "closed", "closed", "closed", "closed", "suspended"]}
{"id": "D:ULT:tapestry", "peakDb": -10.0, "rmsDb": -28.8, "momentaryDb": -23.9, "activeBlocks": 72, "ctxs": 24, "states": ["running", "running", "running", "running", "running", "closed", "closed", "running", "closed", "closed", "closed", "closed", "closed", "closed", "closed", "closed", "closed", "closed", "closed", "closed", "closed", "closed", "closed", "running"]}
{"id": "D:ULT:galethunder", "peakDb": -1.1, "rmsDb": -24.9, "momentaryDb": -24.0, "activeBlocks": 13, "ctxs": 25, "states": ["running", "running", "running", "running", "running", "closed", "closed", "running", "closed", "closed", "closed", "closed", "closed", "closed", "closed", "closed", "closed", "closed", "closed", "closed", "closed", "closed", "closed", "suspended", "suspended"]}
{"id": "C:F_PROJ:dim", "peakDb": -7.2, "rmsDb": -26.5, "momentaryDb": -22.7, "activeBlocks": 58, "ctxs": 25, "states": ["running", "running", "running", "running", "running", "closed", "closed", "running", "closed", "closed", "closed", "closed", "closed", "closed", "closed", "closed", "closed", "closed", "closed", "closed", "closed", "closed", "closed", "closed", "closed"]}
{"id": "C:F_PROJ:fir", "peakDb": -7.6, "rmsDb": -27.4, "momentaryDb": -22.7, "activeBlocks": 30, "ctxs": 25, "states": ["running", "running", "running", "running", "running", "closed", "closed", "running", "closed", "closed", "closed", "closed", "closed", "closed", "closed", "closed", "closed", "closed", "closed", "closed", "closed", "closed", "closed", "closed", "closed"]}
{"id": "C:F_PROJ:sol", "peakDb": -8.3, "rmsDb": -22.7, "momentaryDb": -22.7, "activeBlocks": 51, "ctxs": 25, "states": ["running", "running", "running", "running", "running", "closed", "closed", "running", "closed", "closed", "closed", "closed", "closed", "closed", "closed", "closed", "closed", "closed", "closed", "closed", "closed", "closed", "closed", "closed", "closed"]}
{"id": "C:F_PROJ:auro", "peakDb": -8.8, "rmsDb": -24.1, "momentaryDb": -22.8, "activeBlocks": 88, "ctxs": 25, "states": ["running", "running", "running", "running", "running", "closed", "closed", "running", "closed", "closed", "closed", "closed", "closed", "closed", "closed", "closed", "closed", "closed", "closed", "closed", "closed", "closed", "closed", "closed", "closed"]}
{"id": "C:F_PROJ:quill", "peakDb": -6.9, "rmsDb": -26.9, "momentaryDb": -23.2, "activeBlocks": 56, "ctxs": 25, "states": ["running", "running", "running", "running", "running", "closed", "closed", "running", "closed", "closed", "closed", "closed", "closed", "closed", "closed", "closed", "closed", "closed", "closed", "closed", "closed", "closed", "closed", "closed", "closed"]}
{"id": "C:SF_PROJ:lun", "peakDb": -9.3, "rmsDb": -26.0, "momentaryDb": -22.8, "activeBlocks": 60, "ctxs": 25, "states": ["running", "running", "running", "running", "running", "closed", "closed", "running", "closed", "closed", "closed", "closed", "closed", "closed", "closed", "closed", "closed", "closed", "closed", "closed", "closed", "closed", "closed", "closed", "closed"]}
{"id": "INT-09", "peakDb": -8.2, "rmsDb": -20.4, "momentaryDb": -22.3, "activeBlocks": 13, "ctxs": 25, "states": ["running", "running", "running", "running", "running", "closed", "closed", "running", "closed", "closed", "closed", "closed", "closed", "closed", "closed", "closed", "closed", "closed", "closed", "closed", "closed", "closed", "closed", "closed", "closed"]}
{"id": "D:ULT:pentasigil", "peakDb": -16.2, "rmsDb": -36.6, "momentaryDb": -40.2, "activeBlocks": 4, "ctxs": 26, "states": ["running", "running", "running", "running", "running", "closed", "closed", "running", "closed", "closed", "closed", "closed", "closed", "closed", "closed", "closed", "closed", "closed", "closed", "closed", "closed", "closed", "closed", "closed", "closed", "running"]}
{"id": "INT-06", "peakDb": -1.2, "rmsDb": -19.7, "momentaryDb": -21.1, "activeBlocks": 15, "ctxs": 26, "states": ["running", "running", "running", "running", "running", "closed", "closed", "running", "closed", "closed", "closed", "closed", "closed", "closed", "closed", "closed", "closed", "closed", "closed", "closed", "closed", "closed", "closed", "closed", "closed", "closed"]}
{"id": "NV-08-L", "peakDb": -1.2, "rmsDb": -22.5, "momentaryDb": -23.9, "activeBlocks": 33, "ctxs": 26, "states": ["running", "running", "running", "running", "running", "closed", "closed", "running", "closed", "closed", "closed", "closed", "closed", "closed", "closed", "closed", "closed", "closed", "closed", "closed", "closed", "closed", "closed", "closed", "closed", "closed"]}
{"id": "GS-dendrite", "peakDb": -1.9, "rmsDb": -26.3, "momentaryDb": -22.4, "activeBlocks": 104, "ctxs": 26, "states": ["running", "running", "running", "running", "running", "closed", "closed", "running", "closed", "closed", "closed", "closed", "closed", "closed", "closed", "closed", "closed", "closed", "closed", "closed", "closed", "closed", "closed", "closed", "closed", "closed"]}
{"id": "D:ULT:refract_eclipse", "peakDb": -10.8, "rmsDb": -32.6, "momentaryDb": -30.2, "activeBlocks": 93, "ctxs": 27, "states": ["running", "running", "running", "running", "running", "closed", "closed", "running", "closed", "closed", "closed", "closed", "closed", "closed", "closed", "closed", "closed", "closed", "closed", "closed", "closed", "closed", "closed", "closed", "closed", "closed", "suspended"]}
