17:18:53 ok   desktop-1280x720 shot 01-lab
17:19:03 ok   desktop-1280x720 GS_ACTION.start
17:19:05 ok   desktop-1280x720 shot 02-game-menu
17:19:05 ok   desktop-1280x720 warm wait
17:19:05 ok   desktop-1280x720 click #gaStart
17:19:09 ok   desktop-1280x720 shot 03-game-early
17:19:09 ok   desktop-1280x720 enemies close
17:19:13 ok   desktop-1280x720 shot 04-game-enemies
17:19:13 ok   desktop-1280x720 cast skills
17:19:14 ok   desktop-1280x720 shot 05-game-cast-a
17:19:16 ok   desktop-1280x720 shot 06-game-cast-b
17:19:16 ok   desktop-1280x720 low hp
17:19:20 ok   desktop-1280x720 shot 07-game-low-hp
17:19:20 ok   desktop-1280x720 clear wave -> draft
17:19:22 ok   desktop-1280x720 draft open
17:19:25 ok   desktop-1280x720 shot 08-draft
17:19:26 ok   desktop-1280x720 leave
17:19:26 ok   desktop-1280x720 startTrial
17:19:27 ok   desktop-1280x720 trial warm
17:19:28 ok   desktop-1280x720 shot 09-trial
17:19:28 ok   desktop-1280x720 trial cast ult
17:19:29 ok   desktop-1280x720 shot 10-trial-cast
17:19:29 ok   desktop-1280x720 dom info
17:19:29 desktop-1280x720 info {"vw": 1280, "vh": 720, "dpr": 1, "reticle": [633, 353, 14, 14], "skills": [395, 633, 491, 67], "vitals": {"x": 0, "y": 0, "width": 0, "height": 0, "top": 0, "right": 0, "bottom": 0, "left": 0}, "top": {"x": 560.3125, "y": 18, "width": 159.375, "height": 56.1875, "top": 18, "right": 719.6875, "bottom": 74.1875, "left": 560.3125}, "objective": [0, 0, 0, 0], "hint": [1014, 665, 248, 34], "feedback": [616, 398, 48, 29]}
17:19:29 desktop-1280x720 pageerrors 0 []
17:19:29 ok   viewport desktop-1280x720
17:19:32 ok   phone-landscape-915x412 shot 01-lab
17:19:39 ok   phone-landscape-915x412 GS_ACTION.start
17:19:41 ok   phone-landscape-915x412 shot 02-game-menu
17:19:41 ok   phone-landscape-915x412 warm wait
17:19:41 ok   phone-landscape-915x412 click #gaStart
17:19:44 ok   phone-landscape-915x412 shot 03-game-early
17:19:44 ok   phone-landscape-915x412 enemies close
17:19:47 ok   phone-landscape-915x412 shot 04-game-enemies
17:19:47 ok   phone-landscape-915x412 cast skills
17:19:49 ok   phone-landscape-915x412 shot 05-game-cast-a
17:19:50 ok   phone-landscape-915x412 shot 06-game-cast-b
17:19:50 ok   phone-landscape-915x412 low hp
17:19:52 ok   phone-landscape-915x412 shot 07-game-low-hp
17:19:52 ok   phone-landscape-915x412 clear wave -> draft
17:19:52 ok   phone-landscape-915x412 draft open
17:19:54 ok   phone-landscape-915x412 shot 08-draft
17:19:54 ok   phone-landscape-915x412 leave
17:19:54 ok   phone-landscape-915x412 startTrial
17:19:54 ok   phone-landscape-915x412 trial warm
17:19:56 ok   phone-landscape-915x412 shot 09-trial
17:19:56 ok   phone-landscape-915x412 trial cast ult
17:19:56 ok   phone-landscape-915x412 shot 10-trial-cast
17:19:56 ok   phone-landscape-915x412 dom info
17:19:56 phone-landscape-915x412 info {"vw": 915, "vh": 412, "dpr": 1, "reticle": [451, 199, 14, 14], "skills": [0, 0, 0, 0], "vitals": {"x": 0, "y": 0, "width": 0, "height": 0, "top": 0, "right": 0, "bottom": 0, "left": 0}, "top": {"x": 377.8125, "y": 18, "width": 159.375, "height": 56.1875, "top": 18, "right": 537.1875, "bottom": 74.1875, "left": 377.8125}, "objective": [0, 0, 0, 0], "hint": [0, 0, 0, 0], "feedback": [434, 244, 48, 29]}
17:19:56 phone-landscape-915x412 pageerrors 0 []
17:19:56 ok   viewport phone-landscape-915x412
17:19:59 ok   phone-portrait-412x915 shot 01-lab
17:20:03 ok   phone-portrait-412x915 GS_ACTION.start
17:20:07 ok   phone-portrait-412x915 shot 02-game-menu
17:20:07 ok   phone-portrait-412x915 warm wait
17:20:07 ok   phone-portrait-412x915 click #gaStart
17:20:11 ok   phone-portrait-412x915 shot 03-game-early
17:20:11 ok   phone-portrait-412x915 enemies close
17:20:14 ok   phone-portrait-412x915 shot 04-game-enemies
17:20:14 ok   phone-portrait-412x915 cast skills
17:20:16 ok   phone-portrait-412x915 shot 05-game-cast-a
17:20:18 ok   phone-portrait-412x915 shot 06-game-cast-b
17:20:18 ok   phone-portrait-412x915 low hp
17:20:21 ok   phone-portrait-412x915 shot 07-game-low-hp
17:20:21 ok   phone-portrait-412x915 clear wave -> draft
17:20:22 ok   phone-portrait-412x915 draft open
17:20:23 ok   phone-portrait-412x915 shot 08-draft
17:20:23 ok   phone-portrait-412x915 leave
17:20:24 ok   phone-portrait-412x915 startTrial
17:20:24 ok   phone-portrait-412x915 trial warm
17:20:25 ok   phone-portrait-412x915 shot 09-trial
17:20:25 ok   phone-portrait-412x915 trial cast ult
17:20:26 ok   phone-portrait-412x915 shot 10-trial-cast
17:20:26 ok   phone-portrait-412x915 dom info
17:20:26 phone-portrait-412x915 info {"vw": 412, "vh": 915, "dpr": 1, "reticle": [199, 451, 14, 14], "skills": [0, 0, 0, 0], "vitals": {"x": 0, "y": 0, "width": 0, "height": 0, "top": 0, "right": 0, "bottom": 0, "left": 0}, "top": {"x": 12, "y": 120, "width": 159.375, "height": 56.1875, "top": 120, "right": 171.375, "bottom": 176.1875, "left": 12}, "objective": [0, 0, 0, 0], "hint": [0, 0, 0, 0], "feedback": [182, 496, 48, 29]}
17:20:26 phone-portrait-412x915 pageerrors 0 []
17:20:26 ok   viewport phone-portrait-412x915